Jul 19 01:10:45 LEGION kwin_x11[4117]: kwin_xkbcommon: XKB: inet:323:58: unrecognized keysym "XF86EmojiPicker"
Jul 19 01:10:45 LEGION kwin_x11[4117]: kwin_xkbcommon: XKB: inet:324:58: unrecognized keysym "XF86Dictate"
Jul 19 01:10:45 LEGION systemd[692]: Started KDE Window Manager.
Jul 19 01:10:45 LEGION dbus-daemon[719]: [session uid=1000 pid=719] Activating service name='org.kde.KSplash' requested by ':1.107' (uid=1000 pid=4117 comm="/usr/bin/kwin_x11 --replace")
Jul 19 01:10:45 LEGION kwin_x11[4117]: OpenGL vendor string:                   AMD
Jul 19 01:10:45 LEGION kwin_x11[4117]: OpenGL renderer string:                 AMD Radeon Graphics (rembrandt, LLVM 15.0.7, DRM 3.52, 6.4.3-arch1-2)
Jul 19 01:10:45 LEGION kwin_x11[4117]: OpenGL version string:                  4.6 (Compatibility Profile) Mesa 23.1.3
Jul 19 01:10:45 LEGION kwin_x11[4117]: OpenGL shading language version string: 4.60
Jul 19 01:10:45 LEGION kwin_x11[4117]: Driver:                                 Unknown
Jul 19 01:10:45 LEGION kwin_x11[4117]: GPU class:                              Unknown
Jul 19 01:10:45 LEGION kwin_x11[4117]: OpenGL version:                         4.6
Jul 19 01:10:45 LEGION kwin_x11[4117]: GLSL version:                           4.60
Jul 19 01:10:45 LEGION kwin_x11[4117]: Mesa version:                           23.1.3
Jul 19 01:10:45 LEGION kwin_x11[4117]: X server version:                       1.21.1
Jul 19 01:10:45 LEGION kwin_x11[4117]: Linux kernel version:                   6.4.3
Jul 19 01:10:45 LEGION kwin_x11[4117]: Requires strict binding:                yes
Jul 19 01:10:45 LEGION kwin_x11[4117]: GLSL shaders:                           yes
Jul 19 01:10:45 LEGION kwin_x11[4117]: Texture NPOT support:                   yes
Jul 19 01:10:45 LEGION kwin_x11[4117]: Virtual Machine:                        no
Jul 19 01:10:45 LEGION kernel: BUG: kernel NULL pointer dereference, address: 0000000000000048
Jul 19 01:10:45 LEGION kernel: #PF: supervisor write access in kernel mode
Jul 19 01:10:45 LEGION kernel: #PF: error_code(0x0002) - not-present page
Jul 19 01:10:45 LEGION kernel: PGD 0 P4D 0 
Jul 19 01:10:45 LEGION kernel: Oops: 0002 [#1] PREEMPT SMP NOPTI
Jul 19 01:10:45 LEGION kernel: CPU: 12 PID: 1617 Comm: Xorg Tainted: P           OE      6.4.3-arch1-2 #1 1a353834a3a5276f8a83332e26f510c55d34a567
Jul 19 01:10:45 LEGION kernel: Hardware name: LENOVO 82RG/LNVNB161216, BIOS JUCN58WW 02/09/2023
Jul 19 01:10:45 LEGION kernel: RIP: 0010:drm_property_free_blob+0x8/0x80
Jul 19 01:10:45 LEGION kernel: Code: ff e9 38 ff ff ff 66 66 2e 0f 1f 84 00 00 00 00 00 90 90 90 90 90 90 90 90 90 90 90 90 90 90 90 90 90 f3 0f 1e fa 0f 1f 44 00 <00> 55 48 8d 6f f0 53 48 8b 47 10 48 89 fb 48 8d b8 88 03 00 00 e8
Jul 19 01:10:45 LEGION kernel: RSP: 0018:ffffadca498b7bd8 EFLAGS: 00010246
Jul 19 01:10:45 LEGION kernel: RAX: 0000000000000001 RBX: ffff91cd44d00600 RCX: 0000000000000077
Jul 19 01:10:45 LEGION kernel: RDX: ffffffff8f6d1338 RSI: 0000000000000000 RDI: ffff91cd10c40010
Jul 19 01:10:45 LEGION kernel: RBP: 0000000000000000 R08: 0000000000000001 R09: 00000000802a0028
Jul 19 01:10:45 LEGION kernel: R10: 0000000000000001 R11: 0000000000000100 R12: ffff91cc94b80010
Jul 19 01:10:45 LEGION kernel: R13: 00000000ffffffff R14: 0000000000000000 R15: 000000000000001e
Jul 19 01:10:45 LEGION kernel: FS:  00007fcb5cc4f480(0000) GS:ffff91d39e900000(0000) knlGS:0000000000000000
Jul 19 01:10:45 LEGION kernel: CS:  0010 DS: 0000 ES: 0000 CR0: 0000000080050033
Jul 19 01:10:45 LEGION kernel: CR2: 0000000000000048 CR3: 000000015ea94000 CR4: 0000000000750ee0
Jul 19 01:10:45 LEGION kernel: PKRU: 55555554
Jul 19 01:10:45 LEGION kernel: Call Trace:
Jul 19 01:10:45 LEGION kernel:  <TASK>
Jul 19 01:10:45 LEGION kernel:  ? __die+0x23/0x70
Jul 19 01:10:45 LEGION kernel:  ? page_fault_oops+0x171/0x4e0
Jul 19 01:10:45 LEGION kernel:  ? exc_page_fault+0x7f/0x180
Jul 19 01:10:45 LEGION kernel:  ? asm_exc_page_fault+0x26/0x30
Jul 19 01:10:45 LEGION kernel:  ? drm_property_free_blob+0x8/0x80
Jul 19 01:10:45 LEGION kernel:  ? drm_property_free_blob+0x8/0x80
Jul 19 01:10:45 LEGION kernel:  ? drm_property_free_blob+0x8/0x80
Jul 19 01:10:45 LEGION kernel:  dm_crtc_destroy_state+0x26/0x30 [amdgpu f31eaf4f5b7b82d25bdd9f8623b450f77b89556a]
Jul 19 01:10:45 LEGION kernel:  drm_atomic_state_default_clear+0xfd/0x2e0
Jul 19 01:10:45 LEGION kernel:  __drm_atomic_state_free+0x6a/0xa0
Jul 19 01:10:45 LEGION kernel:  drm_mode_obj_set_property_ioctl+0x384/0x3d0
Jul 19 01:10:45 LEGION kernel:  ? __pfx_drm_mode_obj_set_property_ioctl+0x10/0x10
Jul 19 01:10:45 LEGION kernel:  drm_ioctl_kernel+0xcd/0x170
Jul 19 01:10:45 LEGION kernel:  drm_ioctl+0x26d/0x4b0
Jul 19 01:10:45 LEGION kernel:  ? __pfx_drm_mode_obj_set_property_ioctl+0x10/0x10
Jul 19 01:10:45 LEGION kernel:  amdgpu_drm_ioctl+0x4e/0x90 [amdgpu f31eaf4f5b7b82d25bdd9f8623b450f77b89556a]
Jul 19 01:10:45 LEGION kernel:  __x64_sys_ioctl+0x94/0xd0
Jul 19 01:10:45 LEGION kernel:  do_syscall_64+0x60/0x90
Jul 19 01:10:45 LEGION kernel:  ? exit_to_user_mode_prepare+0x123/0x1e0
Jul 19 01:10:45 LEGION kernel:  ? syscall_exit_to_user_mode+0x1b/0x40
Jul 19 01:10:45 LEGION kernel:  ? do_syscall_64+0x6c/0x90
Jul 19 01:10:45 LEGION kernel:  ? do_user_addr_fault+0x179/0x640
Jul 19 01:10:45 LEGION kernel:  ? exit_to_user_mode_prepare+0x123/0x1e0
Jul 19 01:10:45 LEGION kernel:  entry_SYSCALL_64_after_hwframe+0x72/0xdc
Jul 19 01:10:45 LEGION kernel: RIP: 0033:0x7fcb5d62976f
Jul 19 01:10:45 LEGION kernel: Code: 00 48 89 44 24 18 31 c0 48 8d 44 24 60 c7 04 24 10 00 00 00 48 89 44 24 08 48 8d 44 24 20 48 89 44 24 10 b8 10 00 00 00 0f 05 <89> c2 3d 00 f0 ff ff 77 18 48 8b 44 24 18 64 48 2b 04 25 28 00 00
Jul 19 01:10:45 LEGION kernel: RSP: 002b:00007ffef77f0ba0 EFLAGS: 00000246 ORIG_RAX: 0000000000000010
Jul 19 01:10:45 LEGION kernel: RAX: ffffffffffffffda RBX: 00007ffef77f8c60 RCX: 00007fcb5d62976f
Jul 19 01:10:45 LEGION kernel: RDX: 00007ffef77f0c30 RSI: 00000000c01864ba RDI: 0000000000000013
Jul 19 01:10:45 LEGION kernel: RBP: 00007ffef77f0c30 R08: 000000000000007b R09: 000055b3a0244bf0
Jul 19 01:10:45 LEGION kernel: R10: 000055b3a0242bf0 R11: 0000000000000246 R12: 00000000c01864ba
Jul 19 01:10:45 LEGION kernel: R13: 0000000000000013 R14: 000055b39f82f9e0 R15: 0000000000000000
Jul 19 01:10:45 LEGION kernel:  </TASK>
Jul 19 01:10:45 LEGION kernel: Modules linked in: btrfs blake2b_generic xor raid6_pq ufs hfsplus hfs cdrom minix msdos jfs xfs libcrc32c ntfs3 8021q garp mrp stp llc snd_ctl_led snd_hda_codec_realtek snd_hda_codec_generic ledtrig_audio snd_hda_codec_hdmi nvidia_drm(POE) nvidia_modeset(POE) snd_acp6x_pdm_dma snd_soc_acp6x_mach snd_soc_dmic snd_sof_amd_rembrandt snd_sof_amd_renoir snd_sof_amd_acp snd_sof_pci snd_sof_xtensa_dsp snd_sof intel_rapl_msr intel_rapl_common rtw89_8852ae snd_sof_utils rtw89_8852a edac_mce_amd snd_soc_core rtw89_pci kvm_amd snd_compress mousedev nvidia_uvm(POE) ac97_bus rtw89_core snd_pcm_dmaengine kvm vfat fat snd_pci_ps snd_rpl_pci_acp6x irqbypass snd_hda_intel snd_acp_pci uvcvideo crct10dif_pclmul snd_intel_dspcfg snd_pci_acp6x crc32_pclmul snd_intel_sdw_acpi btusb polyval_clmulni videobuf2_vmalloc polyval_generic btrtl snd_hda_codec gf128mul uvc btbcm snd_pci_acp5x ghash_clmulni_intel videobuf2_memops snd_hda_core btintel sha512_ssse3 snd_rn_pci_acp3x mac80211 libarc4 videobuf2_v4l2 aesni_intel snd_acp_config
Jul 19 01:10:45 LEGION kernel:  btmtk hid_multitouch r8169 snd_hwdep nvidia(POE) sp5100_tco crypto_simd videodev ucsi_acpi snd_soc_acpi cfg80211 realtek bluetooth videobuf2_common typec_ucsi ideapad_laptop snd_pcm cryptd mdio_devres snd_timer rapl sparse_keymap wmi_bmof pcspkr mc typec acpi_cpufreq thunderbolt platform_profile k10temp ecdh_generic i2c_piix4 joydev snd snd_pci_acp3x ccp libphy soundcore rfkill roles i2c_hid_acpi i2c_hid amd_pmc acpi_tad mac_hid crypto_user fuse dm_mod loop bpf_preload ip_tables x_tables ext4 crc32c_generic crc16 mbcache jbd2 usbhid amdgpu i2c_algo_bit drm_ttm_helper ttm serio_raw drm_suballoc_helper atkbd drm_buddy libps2 vivaldi_fmap gpu_sched nvme drm_display_helper nvme_core crc32c_intel xhci_pci i8042 video cec xhci_pci_renesas nvme_common serio wmi
Jul 19 01:10:45 LEGION kernel: CR2: 0000000000000048
Jul 19 01:10:45 LEGION kernel: ---[ end trace 0000000000000000 ]---
Jul 19 01:10:45 LEGION kernel: RIP: 0010:drm_property_free_blob+0x8/0x80
Jul 19 01:10:45 LEGION kernel: Code: ff e9 38 ff ff ff 66 66 2e 0f 1f 84 00 00 00 00 00 90 90 90 90 90 90 90 90 90 90 90 90 90 90 90 90 90 f3 0f 1e fa 0f 1f 44 00 <00> 55 48 8d 6f f0 53 48 8b 47 10 48 89 fb 48 8d b8 88 03 00 00 e8
Jul 19 01:10:45 LEGION kernel: RSP: 0018:ffffadca498b7bd8 EFLAGS: 00010246
Jul 19 01:10:45 LEGION kernel: RAX: 0000000000000001 RBX: ffff91cd44d00600 RCX: 0000000000000077
Jul 19 01:10:45 LEGION kernel: RDX: ffffffff8f6d1338 RSI: 0000000000000000 RDI: ffff91cd10c40010
Jul 19 01:10:45 LEGION kernel: RBP: 0000000000000000 R08: 0000000000000001 R09: 00000000802a0028
Jul 19 01:10:45 LEGION kernel: R10: 0000000000000001 R11: 0000000000000100 R12: ffff91cc94b80010
Jul 19 01:10:45 LEGION kernel: R13: 00000000ffffffff R14: 0000000000000000 R15: 000000000000001e
Jul 19 01:10:45 LEGION kernel: FS:  00007fcb5cc4f480(0000) GS:ffff91d39e900000(0000) knlGS:0000000000000000
Jul 19 01:10:45 LEGION kernel: CS:  0010 DS: 0000 ES: 0000 CR0: 0000000080050033
Jul 19 01:10:45 LEGION kernel: CR2: 0000000000000048 CR3: 000000015ea94000 CR4: 0000000000750ee0
Jul 19 01:10:45 LEGION kernel: PKRU: 55555554
Jul 19 01:10:45 LEGION kernel: note: Xorg[1617] exited with irqs disabled
Jul 19 01:11:00 LEGION kwin_x11[4117]: Freeze in OpenGL initialization detected
Jul 19 01:11:00 LEGION kwin_x11[4117]: Application::crashHandler() called with signal 6; recent crashes: 1
Jul 19 01:11:01 LEGION kwin_x11[4117]: 22 -- exe=/usr/bin/kwin_x11
Jul 19 01:11:01 LEGION kwin_x11[4117]: 13 -- platform=xcb
Jul 19 01:11:01 LEGION kwin_x11[4117]: 11 -- display=:0
Jul 19 01:11:01 LEGION kwin_x11[4117]: 17 -- appname=kwin_x11
Jul 19 01:11:01 LEGION kwin_x11[4117]: 17 -- apppath=/usr/bin
Jul 19 01:11:01 LEGION kwin_x11[4117]: 9 -- signal=6
Jul 19 01:11:01 LEGION kwin_x11[4117]: 9 -- pid=4117
Jul 19 01:11:01 LEGION kwin_x11[4117]: 18 -- appversion=5.27.6
Jul 19 01:11:01 LEGION kwin_x11[4117]: 17 -- programname=KWin
Jul 19 01:11:01 LEGION kwin_x11[4117]: 31 -- bugaddress=submit@bugs.kde.org
Jul 19 01:11:01 LEGION kwin_x11[4117]: KCrash: crashing... crashRecursionCounter = 2
Jul 19 01:11:01 LEGION kwin_x11[4117]: KCrash: Application Name = kwin_x11 path = /usr/bin pid = 4117
Jul 19 01:11:01 LEGION kwin_x11[4117]: KCrash: Arguments: /usr/bin/kwin_x11 --replace
Jul 19 01:11:01 LEGION systemd[1]: Started Process Core Dump (PID 4148/UID 0).
Jul 19 01:11:01 LEGION systemd-coredump[4152]: Process 4117 (kwin_x11) of user 1000 dumped core.
                                               
                                               Stack trace of thread 4135:
                                               #0  0x00007f8fde49f26c n/a (libc.so.6 + 0x8926c)
                                               #1  0x00007f8fde44fa08 raise (libc.so.6 + 0x39a08)
                                               #2  0x00007f8fe13c03ac _ZN6KCrash19defaultCrashHandlerEi (libKF5Crash.so.5 + 0x73ac)
                                               #3  0x00007f8fde44fab0 n/a (libc.so.6 + 0x39ab0)
                                               #4  0x00007f8fde49f26c n/a (libc.so.6 + 0x8926c)
                                               #5  0x00007f8fde44fa08 raise (libc.so.6 + 0x39a08)
                                               #6  0x00007f8fde438538 abort (libc.so.6 + 0x22538)
                                               #7  0x00007f8fdf2a0098 _ZNK14QMessageLogger5fatalEPKcz (libQt5Core.so.5 + 0xa0098)
                                               #8  0x00007f8fe0dbeb39 n/a (libkwin.so.5 + 0x1beb39)
                                               #9  0x00007f8fdf4d1237 n/a (libQt5Core.so.5 + 0x2d1237)
                                               #10 0x00007f8fdf4d2d6f _ZN6QTimer7timeoutENS_14QPrivateSignalE (libQt5Core.so.5 + 0x2d2d6f)
                                               #11 0x00007f8fdf4c3cee _ZN7QObject5eventEP6QEvent (libQt5Core.so.5 + 0x2c3cee)
                                               #12 0x00007f8fdeb7893f _ZN19QApplicationPrivate13notify_helperEP7QObjectP6QEvent (libQt5Widgets.so.5 + 0x17893f)
                                               #13 0x00007f8fdf49c2f8 _ZN16QCoreApplication15notifyInternal2EP7QObjectP6QEvent (libQt5Core.so.5 + 0x29c2f8)
                                               #14 0x00007f8fdf4ea9bb _ZN14QTimerInfoList14activateTimersEv (libQt5Core.so.5 + 0x2ea9bb)
                                               #15 0x00007f8fdf4eaf9a n/a (libQt5Core.so.5 + 0x2eaf9a)
                                               #16 0x00007f8fdd30fa31 g_main_context_dispatch (libglib-2.0.so.0 + 0x5aa31)
                                               #17 0x00007f8fdd36ccc9 n/a (libglib-2.0.so.0 + 0xb7cc9)
                                               #18 0x00007f8fdd30d0e2 g_main_context_iteration (libglib-2.0.so.0 + 0x580e2)
                                               #19 0x00007f8fdf4eb15c _ZN20QEventDispatcherGlib13processEventsE6QFlagsIN10QEventLoop17ProcessEventsFlagEE (libQt5Core.so.5 + 0x2eb15c)
                                               #20 0x00007f8fdf49b004 _ZN10QEventLoop4execE6QFlagsINS_17ProcessEventsFlagEE (libQt5Core.so.5 + 0x29b004)
                                               #21 0x00007f8fdf2f72d6 _ZN7QThread4execEv (libQt5Core.so.5 + 0xf72d6)
                                               #22 0x00007f8fdf2f34fa n/a (libQt5Core.so.5 + 0xf34fa)
                                               #23 0x00007f8fde49d44b n/a (libc.so.6 + 0x8744b)
                                               #24 0x00007f8fde520e40 n/a (libc.so.6 + 0x10ae40)
                                               
                                               Stack trace of thread 4123:
                                               #0  0x00007f8fde499f0e n/a (libc.so.6 + 0x83f0e)
                                               #1  0x00007f8fde49c7a0 pthread_cond_wait (libc.so.6 + 0x867a0)
                                               #2  0x00007f8fd1ec7a4c n/a (radeonsi_dri.so + 0xc7a4c)
                                               #3  0x00007f8fd1f1495c n/a (radeonsi_dri.so + 0x11495c)
                                               #4  0x00007f8fde49d44b n/a (libc.so.6 + 0x8744b)
                                               #5  0x00007f8fde520e40 n/a (libc.so.6 + 0x10ae40)
                                               
                                               Stack trace of thread 4130:
                                               #0  0x00007f8fde499f0e n/a (libc.so.6 + 0x83f0e)
                                               #1  0x00007f8fde49cab5 pthread_cond_timedwait (libc.so.6 + 0x86ab5)
                                               #2  0x00007f8fdf2fb214 _ZN14QWaitCondition4waitEP6QMutex14QDeadlineTimer (libQt5Core.so.5 + 0xfb214)
                                               #3  0x00007f8fdf2f834a n/a (libQt5Core.so.5 + 0xf834a)
                                               #4  0x00007f8fdf2f34fa n/a (libQt5Core.so.5 + 0xf34fa)
                                               #5  0x00007f8fde49d44b n/a (libc.so.6 + 0x8744b)
                                               #6  0x00007f8fde520e40 n/a (libc.so.6 + 0x10ae40)
                                               
                                               Stack trace of thread 4120:
                                               #0  0x00007f8fde499f0e n/a (libc.so.6 + 0x83f0e)
                                               #1  0x00007f8fde49c7a0 pthread_cond_wait (libc.so.6 + 0x867a0)
                                               #2  0x00007f8fd1ec7a4c n/a (radeonsi_dri.so + 0xc7a4c)
                                               #3  0x00007f8fd1f1495c n/a (radeonsi_dri.so + 0x11495c)
                                               #4  0x00007f8fde49d44b n/a (libc.so.6 + 0x8744b)
                                               #5  0x00007f8fde520e40 n/a (libc.so.6 + 0x10ae40)
                                               
                                               Stack trace of thread 4138:
                                               #0  0x00007f8fde499f0e n/a (libc.so.6 + 0x83f0e)
                                               #1  0x00007f8fde49c7a0 pthread_cond_wait (libc.so.6 + 0x867a0)
                                               #2  0x00007f8fd1ec7a4c n/a (radeonsi_dri.so + 0xc7a4c)
                                               #3  0x00007f8fd1f1495c n/a (radeonsi_dri.so + 0x11495c)
                                               #4  0x00007f8fde49d44b n/a (libc.so.6 + 0x8744b)
                                               #5  0x00007f8fde520e40 n/a (libc.so.6 + 0x10ae40)
                                               
                                               Stack trace of thread 4118:
                                               #0  0x00007f8fde513c0f __poll (libc.so.6 + 0xfdc0f)
                                               #1  0x00007f8fdd36cc2f n/a (libglib-2.0.so.0 + 0xb7c2f)
                                               #2  0x00007f8fdd30d0e2 g_main_context_iteration (libglib-2.0.so.0 + 0x580e2)
                                               #3  0x00007f8fdf4eb15c _ZN20QEventDispatcherGlib13processEventsE6QFlagsIN10QEventLoop17ProcessEventsFlagEE (libQt5Core.so.5 + 0x2eb15c)
                                               #4  0x00007f8fdf49b004 _ZN10QEventLoop4execE6QFlagsINS_17ProcessEventsFlagEE (libQt5Core.so.5 + 0x29b004)
                                               #5  0x00007f8fdf2f72d6 _ZN7QThread4execEv (libQt5Core.so.5 + 0xf72d6)
                                               #6  0x00007f8fde997a9a n/a (libQt5DBus.so.5 + 0x18a9a)
                                               #7  0x00007f8fdf2f34fa n/a (libQt5Core.so.5 + 0xf34fa)
                                               #8  0x00007f8fde49d44b n/a (libc.so.6 + 0x8744b)
                                               #9  0x00007f8fde520e40 n/a (libc.so.6 + 0x10ae40)
                                               
                                               Stack trace of thread 4117:
                                               #0  0x00007f8fde499f0e n/a (libc.so.6 + 0x83f0e)
                                               #1  0x00007f8fde49c7a0 pthread_cond_wait (libc.so.6 + 0x867a0)
                                               #2  0x00007f8fdfed89d6 n/a (libxcb.so.1 + 0xd9d6)
                                               #3  0x00007f8fdfed9926 xcb_wait_for_reply (libxcb.so.1 + 0xe926)
                                               #4  0x00007f8fe0ef249e _ZNK4KWin6Window11shapeRegionEv (libkwin.so.5 + 0x2f249e)
                                               #5  0x00007f8fe0e7fecc _ZNK4KWin14SurfaceItemX115shapeEv (libkwin.so.5 + 0x27fecc)
                                               #6  0x00007f8fe0e7c8a9 _ZNK4KWin14SurfaceItemX116opaqueEv (libkwin.so.5 + 0x27c8a9)
                                               #7  0x00007f8fe0e81b39 _ZN4KWin14WorkspaceScene24preparePaintSimpleScreenEv (libkwin.so.5 + 0x281b39)
                                               #8  0x00007f8fe0e8460e _ZN4KWin14WorkspaceScene8prePaintEPNS_13SceneDelegateE (libkwin.so.5 + 0x28460e)
                                               #9  0x00007f8fe0dbd844 _ZN4KWin10Compositor12prePaintPassEPNS_11RenderLayerE (libkwin.so.5 + 0x1bd844)
                                               #10 0x00007f8fe0dc1ea0 _ZN4KWin10Compositor9compositeEPNS_10RenderLoopE (libkwin.so.5 + 0x1c1ea0)
                                               #11 0x00007f8fe0dc292f _ZN4KWin13X11Compositor9compositeEPNS_10RenderLoopE (libkwin.so.5 + 0x1c292f)
                                               #12 0x00007f8fdf4d1237 n/a (libQt5Core.so.5 + 0x2d1237)
                                               #13 0x00007f8fe0d716f7 _ZN4KWin10RenderLoop14frameRequestedEPS0_ (libkwin.so.5 + 0x1716f7)
                                               #14 0x00007f8fe0dc85a8 _ZN4KWin17RenderLoopPrivate8dispatchEv (libkwin.so.5 + 0x1c85a8)
                                               #15 0x00007f8fdf4d1237 n/a (libQt5Core.so.5 + 0x2d1237)
                                               #16 0x00007f8fdf4d2d6f _ZN6QTimer7timeoutENS_14QPrivateSignalE (libQt5Core.so.5 + 0x2d2d6f)
                                               #17 0x00007f8fdf4c3cee _ZN7QObject5eventEP6QEvent (libQt5Core.so.5 + 0x2c3cee)
                                               #18 0x00007f8fdeb7893f _ZN19QApplicationPrivate13notify_helperEP7QObjectP6QEvent (libQt5Widgets.so.5 + 0x17893f)
                                               #19 0x00007f8fdf49c2f8 _ZN16QCoreApplication15notifyInternal2EP7QObjectP6QEvent (libQt5Core.so.5 + 0x29c2f8)
                                               #20 0x00007f8fdf4ea9bb _ZN14QTimerInfoList14activateTimersEv (libQt5Core.so.5 + 0x2ea9bb)
                                               #21 0x00007f8fdf4eaf9a n/a (libQt5Core.so.5 + 0x2eaf9a)
                                               #22 0x00007f8fdd30fa31 g_main_context_dispatch (libglib-2.0.so.0 + 0x5aa31)
                                               #23 0x00007f8fdd36ccc9 n/a (libglib-2.0.so.0 + 0xb7cc9)
                                               #24 0x00007f8fdd30d0e2 g_main_context_iteration (libglib-2.0.so.0 + 0x580e2)
                                               #25 0x00007f8fdf4eb15c _ZN20QEventDispatcherGlib13processEventsE6QFlagsIN10QEventLoop17ProcessEventsFlagEE (libQt5Core.so.5 + 0x2eb15c)
                                               #26 0x00007f8fdf49b004 _ZN10QEventLoop4execE6QFlagsINS_17ProcessEventsFlagEE (libQt5Core.so.5 + 0x29b004)
                                               #27 0x00007f8fdf49c4a3 _ZN16QCoreApplication4execEv (libQt5Core.so.5 + 0x29c4a3)
                                               #28 0x000055faddf32ef3 n/a (kwin_x11 + 0x3eef3)
                                               #29 0x00007f8fde439850 n/a (libc.so.6 + 0x23850)
                                               #30 0x00007f8fde43990a __libc_start_main (libc.so.6 + 0x2390a)
                                               #31 0x000055faddf34425 n/a (kwin_x11 + 0x40425)
                                               
                                               Stack trace of thread 4126:
                                               #0  0x00007f8fde499f0e n/a (libc.so.6 + 0x83f0e)
                                               #1  0x00007f8fde49c7a0 pthread_cond_wait (libc.so.6 + 0x867a0)
                                               #2  0x00007f8fd1ec7a4c n/a (radeonsi_dri.so + 0xc7a4c)
                                               #3  0x00007f8fd1f1495c n/a (radeonsi_dri.so + 0x11495c)
                                               #4  0x00007f8fde49d44b n/a (libc.so.6 + 0x8744b)
                                               #5  0x00007f8fde520e40 n/a (libc.so.6 + 0x10ae40)
                                               
                                               Stack trace of thread 4121:
                                               #0  0x00007f8fde499f0e n/a (libc.so.6 + 0x83f0e)
                                               #1  0x00007f8fde49c7a0 pthread_cond_wait (libc.so.6 + 0x867a0)
                                               #2  0x00007f8fd1ec7a4c n/a (radeonsi_dri.so + 0xc7a4c)
                                               #3  0x00007f8fd1f1495c n/a (radeonsi_dri.so + 0x11495c)
                                               #4  0x00007f8fde49d44b n/a (libc.so.6 + 0x8744b)
                                               #5  0x00007f8fde520e40 n/a (libc.so.6 + 0x10ae40)
                                               
                                               Stack trace of thread 4131:
                                               #0  0x00007f8fde513c0f __poll (libc.so.6 + 0xfdc0f)
                                               #1  0x00007f8fdd36cc2f n/a (libglib-2.0.so.0 + 0xb7c2f)
                                               #2  0x00007f8fdd30d0e2 g_main_context_iteration (libglib-2.0.so.0 + 0x580e2)
                                               #3  0x00007f8fdf4eb15c _ZN20QEventDispatcherGlib13processEventsE6QFlagsIN10QEventLoop17ProcessEventsFlagEE (libQt5Core.so.5 + 0x2eb15c)
                                               #4  0x00007f8fdf49b004 _ZN10QEventLoop4execE6QFlagsINS_17ProcessEventsFlagEE (libQt5Core.so.5 + 0x29b004)
                                               #5  0x00007f8fdf2f72d6 _ZN7QThread4execEv (libQt5Core.so.5 + 0xf72d6)
                                               #6  0x00007f8fe02c2b00 n/a (libQt5Qml.so.5 + 0x2c2b00)
                                               #7  0x00007f8fdf2f34fa n/a (libQt5Core.so.5 + 0xf34fa)
                                               #8  0x00007f8fde49d44b n/a (libc.so.6 + 0x8744b)
                                               #9  0x00007f8fde520e40 n/a (libc.so.6 + 0x10ae40)
                                               
                                               Stack trace of thread 4139:
                                               #0  0x00007f8fde499f0e n/a (libc.so.6 + 0x83f0e)
                                               #1  0x00007f8fde49c7a0 pthread_cond_wait (libc.so.6 + 0x867a0)
                                               #2  0x00007f8fd1ec7a4c n/a (radeonsi_dri.so + 0xc7a4c)
                                               #3  0x00007f8fd1f1495c n/a (radeonsi_dri.so + 0x11495c)
                                               #4  0x00007f8fde49d44b n/a (libc.so.6 + 0x8744b)
                                               #5  0x00007f8fde520e40 n/a (libc.so.6 + 0x10ae40)
                                               
                                               Stack trace of thread 4127:
                                               #0  0x00007f8fde499f0e n/a (libc.so.6 + 0x83f0e)
                                               #1  0x00007f8fde49c7a0 pthread_cond_wait (libc.so.6 + 0x867a0)
                                               #2  0x00007f8fd1ec7a4c n/a (radeonsi_dri.so + 0xc7a4c)
                                               #3  0x00007f8fd1f1495c n/a (radeonsi_dri.so + 0x11495c)
                                               #4  0x00007f8fde49d44b n/a (libc.so.6 + 0x8744b)
                                               #5  0x00007f8fde520e40 n/a (libc.so.6 + 0x10ae40)
                                               
                                               Stack trace of thread 4122:
                                               #0  0x00007f8fde499f0e n/a (libc.so.6 + 0x83f0e)
                                               #1  0x00007f8fde49c7a0 pthread_cond_wait (libc.so.6 + 0x867a0)
                                               #2  0x00007f8fd1ec7a4c n/a (radeonsi_dri.so + 0xc7a4c)
                                               #3  0x00007f8fd1f1495c n/a (radeonsi_dri.so + 0x11495c)
                                               #4  0x00007f8fde49d44b n/a (libc.so.6 + 0x8744b)
                                               #5  0x00007f8fde520e40 n/a (libc.so.6 + 0x10ae40)
                                               
                                               Stack trace of thread 4119:
                                               #0  0x00007f8fde513c0f __poll (libc.so.6 + 0xfdc0f)
                                               #1  0x00007f8fdfed826b n/a (libxcb.so.1 + 0xd26b)
                                               #2  0x00007f8fdfed9d1d xcb_wait_for_event (libxcb.so.1 + 0xed1d)
                                               #3  0x00007f8fd98feed2 n/a (libQt5XcbQpa.so.5 + 0x62ed2)
                                               #4  0x00007f8fdf2f34fa n/a (libQt5Core.so.5 + 0xf34fa)
                                               #5  0x00007f8fde49d44b n/a (libc.so.6 + 0x8744b)
                                               #6  0x00007f8fde520e40 n/a (libc.so.6 + 0x10ae40)
                                               ELF object binary architecture: AMD x86-64
-- Boot 35c114da902d42d6b01ad5a23e903bc7 --
Jul 19 01:11:31 LEGION kernel: Linux version 6.4.3-arch1-2 (linux@archlinux) (gcc (GCC) 13.1.1 20230714, GNU ld (GNU Binutils) 2.40.0) #1 SMP PREEMPT_DYNAMIC Sat, 15 Jul 2023 19:25:49 +0000
Jul 19 01:11:31 LEGION kernel: Command line: BOOT_IMAGE=/vmlinuz-linux root=UUID=a94c6430-07e8-44c7-86b5-342d722b7d49 rw loglevel=3 quiet
Jul 19 01:11:31 LEGION kernel: x86/fpu: Supporting XSAVE feature 0x001: 'x87 floating point registers'
Jul 19 01:11:31 LEGION kernel: x86/fpu: Supporting XSAVE feature 0x002: 'SSE registers'
Jul 19 01:11:31 LEGION kernel: x86/fpu: Supporting XSAVE feature 0x004: 'AVX registers'
Jul 19 01:11:31 LEGION kernel: x86/fpu: Supporting XSAVE feature 0x200: 'Protection Keys User registers'
Jul 19 01:11:31 LEGION kernel: x86/fpu: xstate_offset[2]:  576, xstate_sizes[2]:  256
Jul 19 01:11:31 LEGION kernel: x86/fpu: xstate_offset[9]:  832, xstate_sizes[9]:    8
Jul 19 01:11:31 LEGION kernel: x86/fpu: Enabled xstate features 0x207, context size is 840 bytes, using 'compacted' format.
Jul 19 01:11:31 LEGION kernel: signal: max sigframe size: 3376
Jul 19 01:11:31 LEGION kernel: BIOS-provided physical RAM map:
Jul 19 01:11:31 LEGION kernel: BIOS-e820: [mem 0x0000000000000000-0x000000000009efff] usable
Jul 19 01:11:31 LEGION kernel: BIOS-e820: [mem 0x000000000009f000-0x00000000000bffff] reserved
Jul 19 01:11:31 LEGION kernel: BIOS-e820: [mem 0x0000000000100000-0x0000000009afffff] usable
Jul 19 01:11:31 LEGION kernel: BIOS-e820: [mem 0x0000000009b00000-0x0000000009dfffff] reserved
Jul 19 01:11:31 LEGION kernel: BIOS-e820: [mem 0x0000000009e00000-0x0000000009efffff] usable
Jul 19 01:11:31 LEGION kernel: BIOS-e820: [mem 0x0000000009f00000-0x0000000009f13fff] ACPI NVS
Jul 19 01:11:31 LEGION kernel: BIOS-e820: [mem 0x0000000009f14000-0x000000007fffefff] usable
Jul 19 01:11:31 LEGION kernel: BIOS-e820: [mem 0x000000007ffff000-0x000000007fffffff] reserved
Jul 19 01:11:31 LEGION kernel: BIOS-e820: [mem 0x0000000080000000-0x0000000082314fff] usable
Jul 19 01:11:31 LEGION kernel: BIOS-e820: [mem 0x0000000082315000-0x0000000084514fff] reserved
Jul 19 01:11:31 LEGION kernel: BIOS-e820: [mem 0x0000000084515000-0x000000008451cfff] usable
Jul 19 01:11:31 LEGION kernel: BIOS-e820: [mem 0x000000008451d000-0x000000008451ffff] reserved
Jul 19 01:11:31 LEGION kernel: BIOS-e820: [mem 0x0000000084520000-0x000000009072efff] usable
Jul 19 01:11:31 LEGION kernel: BIOS-e820: [mem 0x000000009072f000-0x0000000092f2efff] reserved
Jul 19 01:11:31 LEGION kernel: BIOS-e820: [mem 0x0000000092f2f000-0x000000009af2efff] ACPI NVS
Jul 19 01:11:31 LEGION kernel: BIOS-e820: [mem 0x000000009af2f000-0x000000009affefff] ACPI data
Jul 19 01:11:31 LEGION kernel: BIOS-e820: [mem 0x000000009afff000-0x000000009affffff] usable
Jul 19 01:11:31 LEGION kernel: BIOS-e820: [mem 0x000000009b000000-0x000000009bffffff] reserved
Jul 19 01:11:31 LEGION kernel: BIOS-e820: [mem 0x000000009d800000-0x000000009fffffff] reserved
Jul 19 01:11:31 LEGION kernel: BIOS-e820: [mem 0x00000000fde00000-0x00000000fdefffff] reserved
Jul 19 01:11:31 LEGION kernel: BIOS-e820: [mem 0x00000000fed80000-0x00000000fed80fff] reserved
Jul 19 01:11:31 LEGION kernel: BIOS-e820: [mem 0x00000000ff000000-0x00000000ffffffff] reserved
Jul 19 01:11:31 LEGION kernel: BIOS-e820: [mem 0x0000000100000000-0x000000083e2fffff] usable
Jul 19 01:11:31 LEGION kernel: BIOS-e820: [mem 0x000000083f340000-0x00000008801fffff] reserved
Jul 19 01:11:31 LEGION kernel: NX (Execute Disable) protection: active
Jul 19 01:11:31 LEGION kernel: e820: update [mem 0x805c4018-0x805e8657] usable ==> usable
Jul 19 01:11:31 LEGION kernel: e820: update [mem 0x805c4018-0x805e8657] usable ==> usable
Jul 19 01:11:31 LEGION kernel: e820: update [mem 0x805b9018-0x805c3e57] usable ==> usable
Jul 19 01:11:31 LEGION kernel: e820: update [mem 0x805b9018-0x805c3e57] usable ==> usable
Jul 19 01:11:31 LEGION kernel: extended physical RAM map:
Jul 19 01:11:31 LEGION kernel: reserve setup_data: [mem 0x0000000000000000-0x000000000009efff] usable
Jul 19 01:11:31 LEGION kernel: reserve setup_data: [mem 0x000000000009f000-0x00000000000bffff] reserved
Jul 19 01:11:31 LEGION kernel: reserve setup_data: [mem 0x0000000000100000-0x0000000009afffff] usable
Jul 19 01:11:31 LEGION kernel: reserve setup_data: [mem 0x0000000009b00000-0x0000000009dfffff] reserved
Jul 19 01:11:31 LEGION kernel: reserve setup_data: [mem 0x0000000009e00000-0x0000000009efffff] usable
Jul 19 01:11:31 LEGION kernel: reserve setup_data: [mem 0x0000000009f00000-0x0000000009f13fff] ACPI NVS
Jul 19 01:11:31 LEGION kernel: reserve setup_data: [mem 0x0000000009f14000-0x000000007fffefff] usable
Jul 19 01:11:31 LEGION kernel: reserve setup_data: [mem 0x000000007ffff000-0x000000007fffffff] reserved
Jul 19 01:11:31 LEGION kernel: reserve setup_data: [mem 0x0000000080000000-0x00000000805b9017] usable
Jul 19 01:11:31 LEGION kernel: reserve setup_data: [mem 0x00000000805b9018-0x00000000805c3e57] usable
Jul 19 01:11:31 LEGION kernel: reserve setup_data: [mem 0x00000000805c3e58-0x00000000805c4017] usable
Jul 19 01:11:31 LEGION kernel: reserve setup_data: [mem 0x00000000805c4018-0x00000000805e8657] usable
Jul 19 01:11:31 LEGION kernel: reserve setup_data: [mem 0x00000000805e8658-0x0000000082314fff] usable
Jul 19 01:11:31 LEGION kernel: reserve setup_data: [mem 0x0000000082315000-0x0000000084514fff] reserved
Jul 19 01:11:31 LEGION kernel: reserve setup_data: [mem 0x0000000084515000-0x000000008451cfff] usable
Jul 19 01:11:31 LEGION kernel: reserve setup_data: [mem 0x000000008451d000-0x000000008451ffff] reserved
Jul 19 01:11:31 LEGION kernel: reserve setup_data: [mem 0x0000000084520000-0x000000009072efff] usable
Jul 19 01:11:31 LEGION kernel: reserve setup_data: [mem 0x000000009072f000-0x0000000092f2efff] reserved
Jul 19 01:11:31 LEGION kernel: reserve setup_data: [mem 0x0000000092f2f000-0x000000009af2efff] ACPI NVS
Jul 19 01:11:31 LEGION kernel: reserve setup_data: [mem 0x000000009af2f000-0x000000009affefff] ACPI data
Jul 19 01:11:31 LEGION kernel: reserve setup_data: [mem 0x000000009afff000-0x000000009affffff] usable
Jul 19 01:11:31 LEGION kernel: reserve setup_data: [mem 0x000000009b000000-0x000000009bffffff] reserved
Jul 19 01:11:31 LEGION kernel: reserve setup_data: [mem 0x000000009d800000-0x000000009fffffff] reserved
Jul 19 01:11:31 LEGION kernel: reserve setup_data: [mem 0x00000000fde00000-0x00000000fdefffff] reserved
Jul 19 01:11:31 LEGION kernel: reserve setup_data: [mem 0x00000000fed80000-0x00000000fed80fff] reserved
Jul 19 01:11:31 LEGION kernel: reserve setup_data: [mem 0x00000000ff000000-0x00000000ffffffff] reserved
Jul 19 01:11:31 LEGION kernel: reserve setup_data: [mem 0x0000000100000000-0x000000083e2fffff] usable
Jul 19 01:11:31 LEGION kernel: reserve setup_data: [mem 0x000000083f340000-0x00000008801fffff] reserved
Jul 19 01:11:31 LEGION kernel: efi: EFI v2.8 by INSYDE Corp.
Jul 19 01:11:31 LEGION kernel: efi: ACPI=0x9affe000 ACPI 2.0=0x9affe014 TPMFinalLog=0x9aeee000 SMBIOS=0x916a5000 SMBIOS 3.0=0x916a3000 MEMATTR=0x8bcff018 ESRT=0x8bda6a98 INITRD=0x84528a98 RNG=0x9af7e018 TPMEventLog=0x84521018 
Jul 19 01:11:31 LEGION kernel: random: crng init done
Jul 19 01:11:31 LEGION kernel: efi: Remove mem57: MMIO range=[0xfde00000-0xfdefffff] (1MB) from e820 map
Jul 19 01:11:31 LEGION kernel: e820: remove [mem 0xfde00000-0xfdefffff] reserved
Jul 19 01:11:31 LEGION kernel: efi: Not removing mem58: MMIO range=[0xfed80000-0xfed80fff] (4KB) from e820 map
Jul 19 01:11:31 LEGION kernel: efi: Remove mem59: MMIO range=[0xff000000-0xffffffff] (16MB) from e820 map
Jul 19 01:11:31 LEGION kernel: e820: remove [mem 0xff000000-0xffffffff] reserved
Jul 19 01:11:31 LEGION kernel: efi: Remove mem61: MMIO range=[0x860000000-0x8801fffff] (514MB) from e820 map
Jul 19 01:11:31 LEGION kernel: e820: remove [mem 0x860000000-0x8801fffff] reserved
Jul 19 01:11:31 LEGION kernel: SMBIOS 3.4.0 present.
Jul 19 01:11:31 LEGION kernel: DMI: LENOVO 82RG/LNVNB161216, BIOS JUCN58WW 02/09/2023
Jul 19 01:11:31 LEGION kernel: tsc: Fast TSC calibration using PIT
Jul 19 01:11:31 LEGION kernel: tsc: Detected 3193.974 MHz processor
Jul 19 01:11:31 LEGION kernel: e820: update [mem 0x00000000-0x00000fff] usable ==> reserved
Jul 19 01:11:31 LEGION kernel: e820: remove [mem 0x000a0000-0x000fffff] usable
Jul 19 01:11:31 LEGION kernel: last_pfn = 0x83e300 max_arch_pfn = 0x400000000
Jul 19 01:11:31 LEGION kernel: x86/PAT: Configuration [0-7]: WB  WC  UC- UC  WB  WP  UC- WT  
Jul 19 01:11:31 LEGION kernel: last_pfn = 0x9b000 max_arch_pfn = 0x400000000
Jul 19 01:11:31 LEGION kernel: esrt: Reserving ESRT space from 0x000000008bda6a98 to 0x000000008bda6b20.
Jul 19 01:11:31 LEGION kernel: e820: update [mem 0x8bda6000-0x8bda6fff] usable ==> reserved
Jul 19 01:11:31 LEGION kernel: Using GB pages for direct mapping
Jul 19 01:11:31 LEGION kernel: Secure boot disabled
Jul 19 01:11:31 LEGION kernel: RAMDISK: [mem 0x7d098000-0x7f3ebfff]
Jul 19 01:11:31 LEGION kernel: ACPI: Early table checksum verification disabled
Jul 19 01:11:31 LEGION kernel: ACPI: RSDP 0x000000009AFFE014 000024 (v02 LENOVO)
Jul 19 01:11:31 LEGION kernel: ACPI: XSDT 0x000000009AF89228 00018C (v01 LENOVO CB-01    00000001      01000013)
Jul 19 01:11:31 LEGION kernel: ACPI: FACP 0x000000009AFEA000 00010C (v05 LENOVO CB-01    00000001 ACPI 00040000)
Jul 19 01:11:31 LEGION kernel: ACPI: DSDT 0x000000009AFC6000 01DEA2 (v01 LENOVO CB-01    00000001 ACPI 00040000)
Jul 19 01:11:31 LEGION kernel: ACPI: FACS 0x000000009AE62000 000040
Jul 19 01:11:31 LEGION kernel: ACPI: UEFI 0x000000009AF2E000 000236 (v01 LENOVO CB-01    00000001 ACPI 00040000)
Jul 19 01:11:31 LEGION kernel: ACPI: SSDT 0x000000009AFFC000 000943 (v01 LENOVO CB-01    00000001 ACPI 00040000)
Jul 19 01:11:31 LEGION kernel: ACPI: IVRS 0x000000009AFFB000 0001A4 (v02 LENOVO CB-01    00000001 ACPI 00040000)
Jul 19 01:11:31 LEGION kernel: ACPI: SSDT 0x000000009AFF3000 007F5B (v02 LENOVO CB-01    00000001 ACPI 00040000)
Jul 19 01:11:31 LEGION kernel: ACPI: SSDT 0x000000009AFF2000 000573 (v01 LENOVO CB-01    00000001 ACPI 00040000)
Jul 19 01:11:31 LEGION kernel: ACPI: SSDT 0x000000009AFF1000 0001CC (v01 LENOVO CB-01    00000001 ACPI 00040000)
Jul 19 01:11:31 LEGION kernel: ACPI: SSDT 0x000000009AFF0000 000C1B (v01 LENOVO CB-01    00000001 ACPI 00040000)
Jul 19 01:11:31 LEGION kernel: ACPI: SSDT 0x000000009AFEF000 000471 (v01 LENOVO CB-01    00000001 ACPI 00040000)
Jul 19 01:11:31 LEGION kernel: ACPI: TPM2 0x000000009AFEE000 000034 (v04 LENOVO CB-01    00000001 ACPI 00040000)
Jul 19 01:11:31 LEGION kernel: ACPI: MSDM 0x000000009AFED000 000055 (v03 LENOVO CB-01    00000001 ACPI 00040000)
Jul 19 01:11:31 LEGION kernel: ACPI: ASF! 0x000000009AFEC000 0000A5 (v32 LENOVO CB-01    00000001 ACPI 00040000)
Jul 19 01:11:31 LEGION kernel: ACPI: BOOT 0x000000009AFEB000 000028 (v01 LENOVO CB-01    00000001 ACPI 00040000)
Jul 19 01:11:31 LEGION kernel: ACPI: HPET 0x000000009AFE9000 000038 (v01 LENOVO CB-01    00000001 ACPI 00040000)
Jul 19 01:11:31 LEGION kernel: ACPI: APIC 0x000000009AFE8000 000142 (v03 LENOVO CB-01    00000001 ACPI 00040000)
Jul 19 01:11:31 LEGION kernel: ACPI: MCFG 0x000000009AFE7000 00003C (v01 LENOVO CB-01    00000001 ACPI 00040000)
Jul 19 01:11:31 LEGION kernel: ACPI: SLIC 0x000000009AFE6000 000176 (v01 LENOVO CB-01    00000001 ACPI 00040000)
Jul 19 01:11:31 LEGION kernel: ACPI: SSDT 0x000000009AFC5000 000099 (v01 LENOVO CB-01    00000001 ACPI 00040000)
Jul 19 01:11:31 LEGION kernel: ACPI: $H2O 0x000000009AFFD000 00002C (v01 LENOVO CB-01    00000001 ACPI 00040000)
Jul 19 01:11:31 LEGION kernel: ACPI: SSDT 0x000000009AFC1000 002D4B (v01 LENOVO CB-01    00000001 ACPI 00040000)
Jul 19 01:11:31 LEGION kernel: ACPI: VFCT 0x000000009AFB6000 00AE84 (v01 LENOVO CB-01    00000001 ACPI 00040000)
Jul 19 01:11:31 LEGION kernel: ACPI: SSDT 0x000000009AFB5000 0000F8 (v01 LENOVO CB-01    00000001 ACPI 00040000)
Jul 19 01:11:31 LEGION kernel: ACPI: SSDT 0x000000009AFAF000 005354 (v02 LENOVO CB-01    00000001 ACPI 00040000)
Jul 19 01:11:31 LEGION kernel: ACPI: CRAT 0x000000009AFAE000 000EE8 (v01 LENOVO CB-01    00000001 ACPI 00040000)
Jul 19 01:11:31 LEGION kernel: ACPI: CDIT 0x000000009AFAD000 000029 (v01 LENOVO CB-01    00000001 ACPI 00040000)
Jul 19 01:11:31 LEGION kernel: ACPI: SSDT 0x000000009AFAC000 0000D3 (v01 LENOVO CB-01    00000001 ACPI 00040000)
Jul 19 01:11:31 LEGION kernel: ACPI: SSDT 0x000000009AFAA000 001598 (v01 LENOVO CB-01    00000001 ACPI 00040000)
Jul 19 01:11:31 LEGION kernel: ACPI: SSDT 0x000000009AFA8000 00156D (v01 LENOVO CB-01    00000001 ACPI 00040000)
Jul 19 01:11:31 LEGION kernel: ACPI: SSDT 0x000000009AFA7000 000757 (v01 LENOVO CB-01    00000001 ACPI 00040000)
Jul 19 01:11:31 LEGION kernel: ACPI: SSDT 0x000000009AFA5000 001A64 (v01 LENOVO CB-01    00000001 ACPI 00040000)
Jul 19 01:11:31 LEGION kernel: ACPI: SSDT 0x000000009AF9D000 007EB4 (v01 LENOVO CB-01    00000001 ACPI 00040000)
Jul 19 01:11:31 LEGION kernel: ACPI: FPDT 0x000000009AF9C000 000044 (v01 LENOVO CB-01    00000001 ACPI 00040000)
Jul 19 01:11:31 LEGION kernel: ACPI: WSMT 0x000000009AF9A000 000028 (v01 LENOVO CB-01    00000001 ACPI 00040000)
Jul 19 01:11:31 LEGION kernel: ACPI: SSDT 0x000000009AF97000 00227B (v01 LENOVO CB-01    00000001 ACPI 00040000)
Jul 19 01:11:31 LEGION kernel: ACPI: SSDT 0x000000009AFE5000 000756 (v01 LENOVO CB-01    00000001 ACPI 00040000)
Jul 19 01:11:31 LEGION kernel: ACPI: SSDT 0x000000009AFE4000 000756 (v01 LENOVO CB-01    00000001 ACPI 00040000)
Jul 19 01:11:31 LEGION kernel: ACPI: SSDT 0x000000009AF96000 000791 (v01 LENOVO CB-01    00000001 ACPI 00040000)
Jul 19 01:11:31 LEGION kernel: ACPI: SSDT 0x000000009AF94000 001133 (v01 LENOVO CB-01    00000001 ACPI 00040000)
Jul 19 01:11:31 LEGION kernel: ACPI: SSDT 0x000000009AF8A000 0091F0 (v01 LENOVO CB-01    00000001 ACPI 00040000)
Jul 19 01:11:31 LEGION kernel: ACPI: SSDT 0x000000009AF84000 004F6C (v01 LENOVO CB-01    00000001 ACPI 00040000)
Jul 19 01:11:31 LEGION kernel: ACPI: SSDT 0x000000009AF82000 001052 (v01 LENOVO CB-01    00000001 ACPI 00040000)
Jul 19 01:11:31 LEGION kernel: ACPI: SSDT 0x000000009AFC4000 0007CF (v01 LENOVO CB-01    00000001 ACPI 00040000)
Jul 19 01:11:31 LEGION kernel: ACPI: SSDT 0x000000009AF81000 00008D (v01 LENOVO CB-01    00000001 ACPI 00040000)
Jul 19 01:11:31 LEGION kernel: ACPI: SSDT 0x000000009AF7F000 001249 (v01 LENOVO CB-01    00000001 ACPI 00040000)
Jul 19 01:11:31 LEGION kernel: ACPI: BGRT 0x000000009AF9B000 000038 (v01 LENOVO CB-01    00000001 ACPI 00040000)
Jul 19 01:11:31 LEGION kernel: ACPI: Reserving FACP table memory at [mem 0x9afea000-0x9afea10b]
Jul 19 01:11:31 LEGION kernel: ACPI: Reserving DSDT table memory at [mem 0x9afc6000-0x9afe3ea1]
Jul 19 01:11:31 LEGION kernel: ACPI: Reserving FACS table memory at [mem 0x9ae62000-0x9ae6203f]
Jul 19 01:11:31 LEGION kernel: ACPI: Reserving UEFI table memory at [mem 0x9af2e000-0x9af2e235]
Jul 19 01:11:31 LEGION kernel: ACPI: Reserving SSDT table memory at [mem 0x9affc000-0x9affc942]
Jul 19 01:11:31 LEGION kernel: ACPI: Reserving IVRS table memory at [mem 0x9affb000-0x9affb1a3]
Jul 19 01:11:31 LEGION kernel: ACPI: Reserving SSDT table memory at [mem 0x9aff3000-0x9affaf5a]
Jul 19 01:11:31 LEGION kernel: ACPI: Reserving SSDT table memory at [mem 0x9aff2000-0x9aff2572]
Jul 19 01:11:31 LEGION kernel: ACPI: Reserving SSDT table memory at [mem 0x9aff1000-0x9aff11cb]
Jul 19 01:11:31 LEGION kernel: ACPI: Reserving SSDT table memory at [mem 0x9aff0000-0x9aff0c1a]
Jul 19 01:11:31 LEGION kernel: ACPI: Reserving SSDT table memory at [mem 0x9afef000-0x9afef470]
Jul 19 01:11:31 LEGION kernel: ACPI: Reserving TPM2 table memory at [mem 0x9afee000-0x9afee033]
Jul 19 01:11:31 LEGION kernel: ACPI: Reserving MSDM table memory at [mem 0x9afed000-0x9afed054]
Jul 19 01:11:31 LEGION kernel: ACPI: Reserving ASF! table memory at [mem 0x9afec000-0x9afec0a4]
Jul 19 01:11:31 LEGION kernel: ACPI: Reserving BOOT table memory at [mem 0x9afeb000-0x9afeb027]
Jul 19 01:11:31 LEGION kernel: ACPI: Reserving HPET table memory at [mem 0x9afe9000-0x9afe9037]
Jul 19 01:11:31 LEGION kernel: ACPI: Reserving APIC table memory at [mem 0x9afe8000-0x9afe8141]
Jul 19 01:11:31 LEGION kernel: ACPI: Reserving MCFG table memory at [mem 0x9afe7000-0x9afe703b]
Jul 19 01:11:31 LEGION kernel: ACPI: Reserving SLIC table memory at [mem 0x9afe6000-0x9afe6175]
Jul 19 01:11:31 LEGION kernel: ACPI: Reserving SSDT table memory at [mem 0x9afc5000-0x9afc5098]
Jul 19 01:11:31 LEGION kernel: ACPI: Reserving $H2O table memory at [mem 0x9affd000-0x9affd02b]
Jul 19 01:11:31 LEGION kernel: ACPI: Reserving SSDT table memory at [mem 0x9afc1000-0x9afc3d4a]
Jul 19 01:11:31 LEGION kernel: ACPI: Reserving VFCT table memory at [mem 0x9afb6000-0x9afc0e83]
Jul 19 01:11:31 LEGION kernel: ACPI: Reserving SSDT table memory at [mem 0x9afb5000-0x9afb50f7]
Jul 19 01:11:31 LEGION kernel: ACPI: Reserving SSDT table memory at [mem 0x9afaf000-0x9afb4353]
Jul 19 01:11:31 LEGION kernel: ACPI: Reserving CRAT table memory at [mem 0x9afae000-0x9afaeee7]
Jul 19 01:11:31 LEGION kernel: ACPI: Reserving CDIT table memory at [mem 0x9afad000-0x9afad028]
Jul 19 01:11:31 LEGION kernel: ACPI: Reserving SSDT table memory at [mem 0x9afac000-0x9afac0d2]
Jul 19 01:11:31 LEGION kernel: ACPI: Reserving SSDT table memory at [mem 0x9afaa000-0x9afab597]
Jul 19 01:11:31 LEGION kernel: ACPI: Reserving SSDT table memory at [mem 0x9afa8000-0x9afa956c]
Jul 19 01:11:31 LEGION kernel: ACPI: Reserving SSDT table memory at [mem 0x9afa7000-0x9afa7756]
Jul 19 01:11:31 LEGION kernel: ACPI: Reserving SSDT table memory at [mem 0x9afa5000-0x9afa6a63]
Jul 19 01:11:31 LEGION kernel: ACPI: Reserving SSDT table memory at [mem 0x9af9d000-0x9afa4eb3]
Jul 19 01:11:31 LEGION kernel: ACPI: Reserving FPDT table memory at [mem 0x9af9c000-0x9af9c043]
Jul 19 01:11:31 LEGION kernel: ACPI: Reserving WSMT table memory at [mem 0x9af9a000-0x9af9a027]
Jul 19 01:11:31 LEGION kernel: ACPI: Reserving SSDT table memory at [mem 0x9af97000-0x9af9927a]
Jul 19 01:11:31 LEGION kernel: ACPI: Reserving SSDT table memory at [mem 0x9afe5000-0x9afe5755]
Jul 19 01:11:31 LEGION kernel: ACPI: Reserving SSDT table memory at [mem 0x9afe4000-0x9afe4755]
Jul 19 01:11:31 LEGION kernel: ACPI: Reserving SSDT table memory at [mem 0x9af96000-0x9af96790]
Jul 19 01:11:31 LEGION kernel: ACPI: Reserving SSDT table memory at [mem 0x9af94000-0x9af95132]
Jul 19 01:11:31 LEGION kernel: ACPI: Reserving SSDT table memory at [mem 0x9af8a000-0x9af931ef]
Jul 19 01:11:31 LEGION kernel: ACPI: Reserving SSDT table memory at [mem 0x9af84000-0x9af88f6b]
Jul 19 01:11:31 LEGION kernel: ACPI: Reserving SSDT table memory at [mem 0x9af82000-0x9af83051]
Jul 19 01:11:31 LEGION kernel: ACPI: Reserving SSDT table memory at [mem 0x9afc4000-0x9afc47ce]
Jul 19 01:11:31 LEGION kernel: ACPI: Reserving SSDT table memory at [mem 0x9af81000-0x9af8108c]
Jul 19 01:11:31 LEGION kernel: ACPI: Reserving SSDT table memory at [mem 0x9af7f000-0x9af80248]
Jul 19 01:11:31 LEGION kernel: ACPI: Reserving BGRT table memory at [mem 0x9af9b000-0x9af9b037]
Jul 19 01:11:31 LEGION kernel: No NUMA configuration found
Jul 19 01:11:31 LEGION kernel: Faking a node at [mem 0x0000000000000000-0x000000083e2fffff]
Jul 19 01:11:31 LEGION kernel: NODE_DATA(0) allocated [mem 0x83e2fb000-0x83e2fffff]
Jul 19 01:11:31 LEGION kernel: Zone ranges:
Jul 19 01:11:31 LEGION kernel:   DMA      [mem 0x0000000000001000-0x0000000000ffffff]
Jul 19 01:11:31 LEGION kernel:   DMA32    [mem 0x0000000001000000-0x00000000ffffffff]
Jul 19 01:11:31 LEGION kernel:   Normal   [mem 0x0000000100000000-0x000000083e2fffff]
Jul 19 01:11:31 LEGION kernel:   Device   empty
Jul 19 01:11:31 LEGION kernel: Movable zone start for each node
Jul 19 01:11:31 LEGION kernel: Early memory node ranges
Jul 19 01:11:31 LEGION kernel:   node   0: [mem 0x0000000000001000-0x000000000009efff]
Jul 19 01:11:31 LEGION kernel:   node   0: [mem 0x0000000000100000-0x0000000009afffff]
Jul 19 01:11:31 LEGION kernel:   node   0: [mem 0x0000000009e00000-0x0000000009efffff]
Jul 19 01:11:31 LEGION kernel:   node   0: [mem 0x0000000009f14000-0x000000007fffefff]
Jul 19 01:11:31 LEGION kernel:   node   0: [mem 0x0000000080000000-0x0000000082314fff]
Jul 19 01:11:31 LEGION kernel:   node   0: [mem 0x0000000084515000-0x000000008451cfff]
Jul 19 01:11:31 LEGION kernel:   node   0: [mem 0x0000000084520000-0x000000009072efff]
Jul 19 01:11:31 LEGION kernel:   node   0: [mem 0x000000009afff000-0x000000009affffff]
Jul 19 01:11:31 LEGION kernel:   node   0: [mem 0x0000000100000000-0x000000083e2fffff]
Jul 19 01:11:31 LEGION kernel: Initmem setup node 0 [mem 0x0000000000001000-0x000000083e2fffff]
Jul 19 01:11:31 LEGION kernel: On node 0, zone DMA: 1 pages in unavailable ranges
Jul 19 01:11:31 LEGION kernel: On node 0, zone DMA: 97 pages in unavailable ranges
Jul 19 01:11:31 LEGION kernel: On node 0, zone DMA32: 768 pages in unavailable ranges
Jul 19 01:11:31 LEGION kernel: On node 0, zone DMA32: 20 pages in unavailable ranges
Jul 19 01:11:31 LEGION kernel: On node 0, zone DMA32: 1 pages in unavailable ranges
Jul 19 01:11:31 LEGION kernel: On node 0, zone DMA32: 8704 pages in unavailable ranges
Jul 19 01:11:31 LEGION kernel: On node 0, zone DMA32: 3 pages in unavailable ranges
Jul 19 01:11:31 LEGION kernel: On node 0, zone DMA32: 43216 pages in unavailable ranges
Jul 19 01:11:31 LEGION kernel: On node 0, zone Normal: 20480 pages in unavailable ranges
Jul 19 01:11:31 LEGION kernel: On node 0, zone Normal: 7424 pages in unavailable ranges
Jul 19 01:11:31 LEGION kernel: ACPI: PM-Timer IO Port: 0x408
Jul 19 01:11:31 LEGION kernel: ACPI: LAPIC_NMI (acpi_id[0x00] high edge lint[0x1])
Jul 19 01:11:31 LEGION kernel: ACPI: LAPIC_NMI (acpi_id[0x01] high edge lint[0x1])
Jul 19 01:11:31 LEGION kernel: ACPI: LAPIC_NMI (acpi_id[0x02] high edge lint[0x1])
Jul 19 01:11:31 LEGION kernel: ACPI: LAPIC_NMI (acpi_id[0x03] high edge lint[0x1])
Jul 19 01:11:31 LEGION kernel: ACPI: LAPIC_NMI (acpi_id[0x04] high edge lint[0x1])
Jul 19 01:11:31 LEGION kernel: ACPI: LAPIC_NMI (acpi_id[0x05] high edge lint[0x1])
Jul 19 01:11:31 LEGION kernel: ACPI: LAPIC_NMI (acpi_id[0x06] high edge lint[0x1])
Jul 19 01:11:31 LEGION kernel: ACPI: LAPIC_NMI (acpi_id[0x07] high edge lint[0x1])
Jul 19 01:11:31 LEGION kernel: ACPI: LAPIC_NMI (acpi_id[0x08] high edge lint[0x1])
Jul 19 01:11:31 LEGION kernel: ACPI: LAPIC_NMI (acpi_id[0x09] high edge lint[0x1])
Jul 19 01:11:31 LEGION kernel: ACPI: LAPIC_NMI (acpi_id[0x0a] high edge lint[0x1])
Jul 19 01:11:31 LEGION kernel: ACPI: LAPIC_NMI (acpi_id[0x0b] high edge lint[0x1])
Jul 19 01:11:31 LEGION kernel: ACPI: LAPIC_NMI (acpi_id[0x0c] high edge lint[0x1])
Jul 19 01:11:31 LEGION kernel: ACPI: LAPIC_NMI (acpi_id[0x0d] high edge lint[0x1])
Jul 19 01:11:31 LEGION kernel: ACPI: LAPIC_NMI (acpi_id[0x0e] high edge lint[0x1])
Jul 19 01:11:31 LEGION kernel: ACPI: LAPIC_NMI (acpi_id[0x0f] high edge lint[0x1])
Jul 19 01:11:31 LEGION kernel: IOAPIC[0]: apic_id 33, version 33, address 0xfec00000, GSI 0-23
Jul 19 01:11:31 LEGION kernel: IOAPIC[1]: apic_id 34, version 33, address 0xfec01000, GSI 24-55
Jul 19 01:11:31 LEGION kernel: ACPI: INT_SRC_OVR (bus 0 bus_irq 1 global_irq 1 low edge)
Jul 19 01:11:31 LEGION kernel: ACPI: INT_SRC_OVR (bus 0 bus_irq 0 global_irq 2 dfl dfl)
Jul 19 01:11:31 LEGION kernel: ACPI: INT_SRC_OVR (bus 0 bus_irq 9 global_irq 9 low level)
Jul 19 01:11:31 LEGION kernel: ACPI: Using ACPI (MADT) for SMP configuration information
Jul 19 01:11:31 LEGION kernel: ACPI: HPET id: 0x10228210 base: 0xfed00000
Jul 19 01:11:31 LEGION kernel: e820: update [mem 0x8bd0c000-0x8bd4dfff] usable ==> reserved
Jul 19 01:11:31 LEGION kernel: smpboot: Allowing 16 CPUs, 0 hotplug CPUs
Jul 19 01:11:31 LEGION kernel: PM: hibernation: Registered nosave memory: [mem 0x00000000-0x00000fff]
Jul 19 01:11:31 LEGION kernel: PM: hibernation: Registered nosave memory: [mem 0x0009f000-0x000bffff]
Jul 19 01:11:31 LEGION kernel: PM: hibernation: Registered nosave memory: [mem 0x000c0000-0x000fffff]
Jul 19 01:11:31 LEGION kernel: PM: hibernation: Registered nosave memory: [mem 0x09b00000-0x09dfffff]
Jul 19 01:11:31 LEGION kernel: PM: hibernation: Registered nosave memory: [mem 0x09f00000-0x09f13fff]
Jul 19 01:11:31 LEGION kernel: PM: hibernation: Registered nosave memory: [mem 0x7ffff000-0x7fffffff]
Jul 19 01:11:31 LEGION kernel: PM: hibernation: Registered nosave memory: [mem 0x805b9000-0x805b9fff]
Jul 19 01:11:31 LEGION kernel: PM: hibernation: Registered nosave memory: [mem 0x805c3000-0x805c3fff]
Jul 19 01:11:31 LEGION kernel: PM: hibernation: Registered nosave memory: [mem 0x805c4000-0x805c4fff]
Jul 19 01:11:31 LEGION kernel: PM: hibernation: Registered nosave memory: [mem 0x805e8000-0x805e8fff]
Jul 19 01:11:31 LEGION kernel: PM: hibernation: Registered nosave memory: [mem 0x82315000-0x84514fff]
Jul 19 01:11:31 LEGION kernel: PM: hibernation: Registered nosave memory: [mem 0x8451d000-0x8451ffff]
Jul 19 01:11:31 LEGION kernel: PM: hibernation: Registered nosave memory: [mem 0x8bd0c000-0x8bd4dfff]
Jul 19 01:11:31 LEGION kernel: PM: hibernation: Registered nosave memory: [mem 0x8bda6000-0x8bda6fff]
Jul 19 01:11:31 LEGION kernel: PM: hibernation: Registered nosave memory: [mem 0x9072f000-0x92f2efff]
Jul 19 01:11:31 LEGION kernel: PM: hibernation: Registered nosave memory: [mem 0x92f2f000-0x9af2efff]
Jul 19 01:11:31 LEGION kernel: PM: hibernation: Registered nosave memory: [mem 0x9af2f000-0x9affefff]
Jul 19 01:11:31 LEGION kernel: PM: hibernation: Registered nosave memory: [mem 0x9b000000-0x9bffffff]
Jul 19 01:11:31 LEGION kernel: PM: hibernation: Registered nosave memory: [mem 0x9c000000-0x9d7fffff]
Jul 19 01:11:31 LEGION kernel: PM: hibernation: Registered nosave memory: [mem 0x9d800000-0x9fffffff]
Jul 19 01:11:31 LEGION kernel: PM: hibernation: Registered nosave memory: [mem 0xa0000000-0xfed7ffff]
Jul 19 01:11:31 LEGION kernel: PM: hibernation: Registered nosave memory: [mem 0xfed80000-0xfed80fff]
Jul 19 01:11:31 LEGION kernel: PM: hibernation: Registered nosave memory: [mem 0xfed81000-0xffffffff]
Jul 19 01:11:31 LEGION kernel: [mem 0xa0000000-0xfed7ffff] available for PCI devices
Jul 19 01:11:31 LEGION kernel: Booting paravirtualized kernel on bare hardware
Jul 19 01:11:31 LEGION kernel: clocksource: refined-jiffies: mask: 0xffffffff max_cycles: 0xffffffff, max_idle_ns: 6370452778343963 ns
Jul 19 01:11:31 LEGION kernel: setup_percpu: NR_CPUS:320 nr_cpumask_bits:16 nr_cpu_ids:16 nr_node_ids:1
Jul 19 01:11:31 LEGION kernel: percpu: Embedded 64 pages/cpu s225280 r8192 d28672 u262144
Jul 19 01:11:31 LEGION kernel: pcpu-alloc: s225280 r8192 d28672 u262144 alloc=1*2097152
Jul 19 01:11:31 LEGION kernel: pcpu-alloc: [0] 00 01 02 03 04 05 06 07 [0] 08 09 10 11 12 13 14 15 
Jul 19 01:11:31 LEGION kernel: Kernel command line: BOOT_IMAGE=/vmlinuz-linux root=UUID=a94c6430-07e8-44c7-86b5-342d722b7d49 rw loglevel=3 quiet
Jul 19 01:11:31 LEGION kernel: Unknown kernel command line parameters "BOOT_IMAGE=/vmlinuz-linux", will be passed to user space.
Jul 19 01:11:31 LEGION kernel: Dentry cache hash table entries: 4194304 (order: 13, 33554432 bytes, linear)
Jul 19 01:11:31 LEGION kernel: Inode-cache hash table entries: 2097152 (order: 12, 16777216 bytes, linear)
Jul 19 01:11:31 LEGION kernel: Fallback order for Node 0: 0 
Jul 19 01:11:31 LEGION kernel: Built 1 zonelists, mobility grouping on.  Total pages: 8048899
Jul 19 01:11:31 LEGION kernel: Policy zone: Normal
Jul 19 01:11:31 LEGION kernel: mem auto-init: stack:all(zero), heap alloc:on, heap free:off
Jul 19 01:11:31 LEGION kernel: software IO TLB: area num 16.
Jul 19 01:11:31 LEGION kernel: Memory: 31879588K/32707288K available (16384K kernel code, 2119K rwdata, 12752K rodata, 3336K init, 4000K bss, 827440K reserved, 0K cma-reserved)
Jul 19 01:11:31 LEGION kernel: SLUB: HWalign=64, Order=0-3, MinObjects=0, CPUs=16, Nodes=1
Jul 19 01:11:31 LEGION kernel: ftrace: allocating 47527 entries in 186 pages
Jul 19 01:11:31 LEGION kernel: ftrace: allocated 186 pages with 5 groups
Jul 19 01:11:31 LEGION kernel: Dynamic Preempt: full
Jul 19 01:11:31 LEGION kernel: rcu: Preemptible hierarchical RCU implementation.
Jul 19 01:11:31 LEGION kernel: rcu:         RCU restricting CPUs from NR_CPUS=320 to nr_cpu_ids=16.
Jul 19 01:11:31 LEGION kernel: rcu:         RCU priority boosting: priority 1 delay 500 ms.
Jul 19 01:11:31 LEGION kernel:         Trampoline variant of Tasks RCU enabled.
Jul 19 01:11:31 LEGION kernel:         Rude variant of Tasks RCU enabled.
Jul 19 01:11:31 LEGION kernel:         Tracing variant of Tasks RCU enabled.
Jul 19 01:11:31 LEGION kernel: rcu: RCU calculated value of scheduler-enlistment delay is 30 jiffies.
Jul 19 01:11:31 LEGION kernel: rcu: Adjusting geometry for rcu_fanout_leaf=16, nr_cpu_ids=16
Jul 19 01:11:31 LEGION kernel: NR_IRQS: 20736, nr_irqs: 1096, preallocated irqs: 16
Jul 19 01:11:31 LEGION kernel: rcu: srcu_init: Setting srcu_struct sizes based on contention.
Jul 19 01:11:31 LEGION kernel: kfence: initialized - using 2097152 bytes for 255 objects at 0x(____ptrval____)-0x(____ptrval____)
Jul 19 01:11:31 LEGION kernel: Console: colour dummy device 80x25
Jul 19 01:11:31 LEGION kernel: printk: console [tty0] enabled
Jul 19 01:11:31 LEGION kernel: ACPI: Core revision 20230331
Jul 19 01:11:31 LEGION kernel: clocksource: hpet: mask: 0xffffffff max_cycles: 0xffffffff, max_idle_ns: 133484873504 ns
Jul 19 01:11:31 LEGION kernel: APIC: Switch to symmetric I/O mode setup
Jul 19 01:11:31 LEGION kernel: AMD-Vi: ivrs, add hid:AMDI0020, uid:\_SB.FUR0, rdevid:160
Jul 19 01:11:31 LEGION kernel: AMD-Vi: ivrs, add hid:AMDI0020, uid:\_SB.FUR1, rdevid:160
Jul 19 01:11:31 LEGION kernel: AMD-Vi: ivrs, add hid:AMDI0020, uid:\_SB.FUR2, rdevid:160
Jul 19 01:11:31 LEGION kernel: AMD-Vi: ivrs, add hid:AMDI0020, uid:\_SB.FUR3, rdevid:160
Jul 19 01:11:31 LEGION kernel: AMD-Vi: Using global IVHD EFR:0x246577efa2254afa, EFR2:0x0
Jul 19 01:11:31 LEGION kernel: x2apic: IRQ remapping doesn't support X2APIC mode
Jul 19 01:11:31 LEGION kernel: Switched APIC routing to physical flat.
Jul 19 01:11:31 LEGION kernel: ..TIMER: vector=0x30 apic1=0 pin1=2 apic2=-1 pin2=-1
Jul 19 01:11:31 LEGION kernel: clocksource: tsc-early: mask: 0xffffffffffffffff max_cycles: 0x2e0a0d85efe, max_idle_ns: 440795358424 ns
Jul 19 01:11:31 LEGION kernel: Calibrating delay loop (skipped), value calculated using timer frequency.. 6390.11 BogoMIPS (lpj=10646580)
Jul 19 01:11:31 LEGION kernel: pid_max: default: 32768 minimum: 301
Jul 19 01:11:31 LEGION kernel: LSM: initializing lsm=capability,landlock,lockdown,yama,bpf,integrity
Jul 19 01:11:31 LEGION kernel: landlock: Up and running.
Jul 19 01:11:31 LEGION kernel: Yama: becoming mindful.
Jul 19 01:11:31 LEGION kernel: LSM support for eBPF active
Jul 19 01:11:31 LEGION kernel: Mount-cache hash table entries: 65536 (order: 7, 524288 bytes, linear)
Jul 19 01:11:31 LEGION kernel: Mountpoint-cache hash table entries: 65536 (order: 7, 524288 bytes, linear)
Jul 19 01:11:31 LEGION kernel: x86/cpu: User Mode Instruction Prevention (UMIP) activated
Jul 19 01:11:31 LEGION kernel: LVT offset 1 assigned for vector 0xf9
Jul 19 01:11:31 LEGION kernel: LVT offset 2 assigned for vector 0xf4
Jul 19 01:11:31 LEGION kernel: process: using mwait in idle threads
Jul 19 01:11:31 LEGION kernel: Last level iTLB entries: 4KB 512, 2MB 512, 4MB 256
Jul 19 01:11:31 LEGION kernel: Last level dTLB entries: 4KB 2048, 2MB 2048, 4MB 1024, 1GB 0
Jul 19 01:11:31 LEGION kernel: Spectre V1 : Mitigation: usercopy/swapgs barriers and __user pointer sanitization
Jul 19 01:11:31 LEGION kernel: Spectre V2 : Mitigation: Retpolines
Jul 19 01:11:31 LEGION kernel: Spectre V2 : Spectre v2 / SpectreRSB mitigation: Filling RSB on context switch
Jul 19 01:11:31 LEGION kernel: Spectre V2 : Spectre v2 / SpectreRSB : Filling RSB on VMEXIT
Jul 19 01:11:31 LEGION kernel: Spectre V2 : Enabling Restricted Speculation for firmware calls
Jul 19 01:11:31 LEGION kernel: Spectre V2 : mitigation: Enabling conditional Indirect Branch Prediction Barrier
Jul 19 01:11:31 LEGION kernel: Spectre V2 : User space: Mitigation: STIBP always-on protection
Jul 19 01:11:31 LEGION kernel: Speculative Store Bypass: Mitigation: Speculative Store Bypass disabled via prctl
Jul 19 01:11:31 LEGION kernel: Freeing SMP alternatives memory: 40K
Jul 19 01:11:31 LEGION kernel: smpboot: CPU0: AMD Ryzen 7 6800H with Radeon Graphics (family: 0x19, model: 0x44, stepping: 0x1)
Jul 19 01:11:31 LEGION kernel: cblist_init_generic: Setting adjustable number of callback queues.
Jul 19 01:11:31 LEGION kernel: cblist_init_generic: Setting shift to 4 and lim to 1.
Jul 19 01:11:31 LEGION kernel: cblist_init_generic: Setting shift to 4 and lim to 1.
Jul 19 01:11:31 LEGION kernel: cblist_init_generic: Setting shift to 4 and lim to 1.
Jul 19 01:11:31 LEGION kernel: Performance Events: Fam17h+ core perfctr, AMD PMU driver.
Jul 19 01:11:31 LEGION kernel: ... version:                0
Jul 19 01:11:31 LEGION kernel: ... bit width:              48
Jul 19 01:11:31 LEGION kernel: ... generic registers:      6
Jul 19 01:11:31 LEGION kernel: ... value mask:             0000ffffffffffff
Jul 19 01:11:31 LEGION kernel: ... max period:             00007fffffffffff
Jul 19 01:11:31 LEGION kernel: ... fixed-purpose events:   0
Jul 19 01:11:31 LEGION kernel: ... event mask:             000000000000003f
Jul 19 01:11:31 LEGION kernel: rcu: Hierarchical SRCU implementation.
Jul 19 01:11:31 LEGION kernel: rcu:         Max phase no-delay instances is 1000.
Jul 19 01:11:31 LEGION kernel: NMI watchdog: Enabled. Permanently consumes one hw-PMU counter.
Jul 19 01:11:31 LEGION kernel: smp: Bringing up secondary CPUs ...
Jul 19 01:11:31 LEGION kernel: x86: Booting SMP configuration:
Jul 19 01:11:31 LEGION kernel: .... node  #0, CPUs:        #1
Jul 19 01:11:31 LEGION kernel: Spectre V2 : Update user space SMT mitigation: STIBP always-on
Jul 19 01:11:31 LEGION kernel:   #2  #3  #4  #5  #6  #7  #8  #9 #10 #11 #12 #13 #14 #15
Jul 19 01:11:31 LEGION kernel: smp: Brought up 1 node, 16 CPUs
Jul 19 01:11:31 LEGION kernel: smpboot: Max logical packages: 1
Jul 19 01:11:31 LEGION kernel: smpboot: Total of 16 processors activated (102248.80 BogoMIPS)
Jul 19 01:11:31 LEGION kernel: devtmpfs: initialized
Jul 19 01:11:31 LEGION kernel: x86/mm: Memory block size: 128MB
Jul 19 01:11:31 LEGION kernel: ACPI: PM: Registering ACPI NVS region [mem 0x09f00000-0x09f13fff] (81920 bytes)
Jul 19 01:11:31 LEGION kernel: ACPI: PM: Registering ACPI NVS region [mem 0x92f2f000-0x9af2efff] (134217728 bytes)
Jul 19 01:11:31 LEGION kernel: clocksource: jiffies: mask: 0xffffffff max_cycles: 0xffffffff, max_idle_ns: 6370867519511994 ns
Jul 19 01:11:31 LEGION kernel: futex hash table entries: 4096 (order: 6, 262144 bytes, linear)
Jul 19 01:11:31 LEGION kernel: pinctrl core: initialized pinctrl subsystem
Jul 19 01:11:31 LEGION kernel: PM: RTC time: 19:41:25, date: 2023-07-18
Jul 19 01:11:31 LEGION kernel: NET: Registered PF_NETLINK/PF_ROUTE protocol family
Jul 19 01:11:31 LEGION kernel: DMA: preallocated 4096 KiB GFP_KERNEL pool for atomic allocations
Jul 19 01:11:31 LEGION kernel: DMA: preallocated 4096 KiB GFP_KERNEL|GFP_DMA pool for atomic allocations
Jul 19 01:11:31 LEGION kernel: DMA: preallocated 4096 KiB GFP_KERNEL|GFP_DMA32 pool for atomic allocations
Jul 19 01:11:31 LEGION kernel: audit: initializing netlink subsys (disabled)
Jul 19 01:11:31 LEGION kernel: audit: type=2000 audit(1689709285.179:1): state=initialized audit_enabled=0 res=1
Jul 19 01:11:31 LEGION kernel: thermal_sys: Registered thermal governor 'fair_share'
Jul 19 01:11:31 LEGION kernel: thermal_sys: Registered thermal governor 'bang_bang'
Jul 19 01:11:31 LEGION kernel: thermal_sys: Registered thermal governor 'step_wise'
Jul 19 01:11:31 LEGION kernel: thermal_sys: Registered thermal governor 'user_space'
Jul 19 01:11:31 LEGION kernel: thermal_sys: Registered thermal governor 'power_allocator'
Jul 19 01:11:31 LEGION kernel: cpuidle: using governor ladder
Jul 19 01:11:31 LEGION kernel: cpuidle: using governor menu
Jul 19 01:11:31 LEGION kernel: Simple Boot Flag at 0x44 set to 0x1
Jul 19 01:11:31 LEGION kernel: acpiphp: ACPI Hot Plug PCI Controller Driver version: 0.5
Jul 19 01:11:31 LEGION kernel: PCI: MMCONFIG for domain 0000 [bus 00-ff] at [mem 0xe0000000-0xefffffff] (base 0xe0000000)
Jul 19 01:11:31 LEGION kernel: PCI: not using MMCONFIG
Jul 19 01:11:31 LEGION kernel: PCI: Using configuration type 1 for base access
Jul 19 01:11:31 LEGION kernel: PCI: Using configuration type 1 for extended access
Jul 19 01:11:31 LEGION kernel: kprobes: kprobe jump-optimization is enabled. All kprobes are optimized if possible.
Jul 19 01:11:31 LEGION kernel: HugeTLB: registered 1.00 GiB page size, pre-allocated 0 pages
Jul 19 01:11:31 LEGION kernel: HugeTLB: 16380 KiB vmemmap can be freed for a 1.00 GiB page
Jul 19 01:11:31 LEGION kernel: HugeTLB: registered 2.00 MiB page size, pre-allocated 0 pages
Jul 19 01:11:31 LEGION kernel: HugeTLB: 28 KiB vmemmap can be freed for a 2.00 MiB page
Jul 19 01:11:31 LEGION kernel: ACPI: Added _OSI(Module Device)
Jul 19 01:11:31 LEGION kernel: ACPI: Added _OSI(Processor Device)
Jul 19 01:11:31 LEGION kernel: ACPI: Added _OSI(3.0 _SCP Extensions)
Jul 19 01:11:31 LEGION kernel: ACPI: Added _OSI(Processor Aggregator Device)
Jul 19 01:11:31 LEGION kernel: ACPI BIOS Error (bug): Could not resolve symbol [\_SB.PCI0.PB2], AE_NOT_FOUND (20230331/dswload2-162)
Jul 19 01:11:31 LEGION kernel: ACPI Error: AE_NOT_FOUND, During name lookup/catalog (20230331/psobject-220)
Jul 19 01:11:31 LEGION kernel: ACPI: Skipping parse of AML opcode: Scope (0x0010)
Jul 19 01:11:31 LEGION kernel: ACPI BIOS Error (bug): Could not resolve symbol [\_SB.PCI0.PB2], AE_NOT_FOUND (20230331/dswload2-162)
Jul 19 01:11:31 LEGION kernel: ACPI Error: AE_NOT_FOUND, During name lookup/catalog (20230331/psobject-220)
Jul 19 01:11:31 LEGION kernel: ACPI: Skipping parse of AML opcode: Scope (0x0010)
Jul 19 01:11:31 LEGION kernel: ACPI: 28 ACPI AML tables successfully acquired and loaded
Jul 19 01:11:31 LEGION kernel: ACPI: [Firmware Bug]: BIOS _OSI(Linux) query ignored
Jul 19 01:11:31 LEGION kernel: ACPI: USB4 _OSC: OS supports USB3+ DisplayPort+ PCIe+ XDomain+
Jul 19 01:11:31 LEGION kernel: ACPI: USB4 _OSC: OS controls USB3+ DisplayPort+ PCIe+ XDomain+
Jul 19 01:11:31 LEGION kernel: ACPI: EC: EC started
Jul 19 01:11:31 LEGION kernel: ACPI: EC: interrupt blocked
Jul 19 01:11:31 LEGION kernel: ACPI: EC: EC_CMD/EC_SC=0x66, EC_DATA=0x62
Jul 19 01:11:31 LEGION kernel: ACPI: \_SB_.PCI0.LPC0.EC0_: Boot DSDT EC used to handle transactions
Jul 19 01:11:31 LEGION kernel: ACPI: Interpreter enabled
Jul 19 01:11:31 LEGION kernel: ACPI: PM: (supports S0 S4 S5)
Jul 19 01:11:31 LEGION kernel: ACPI: Using IOAPIC for interrupt routing
Jul 19 01:11:31 LEGION kernel: PCI: MMCONFIG for domain 0000 [bus 00-ff] at [mem 0xe0000000-0xefffffff] (base 0xe0000000)
Jul 19 01:11:31 LEGION kernel: [Firmware Info]: PCI: MMCONFIG at [mem 0xe0000000-0xefffffff] not reserved in ACPI motherboard resources
Jul 19 01:11:31 LEGION kernel: PCI: not using MMCONFIG
Jul 19 01:11:31 LEGION kernel: PCI: Using host bridge windows from ACPI; if necessary, use "pci=nocrs" and report a bug
Jul 19 01:11:31 LEGION kernel: PCI: Ignoring E820 reservations for host bridge windows
Jul 19 01:11:31 LEGION kernel: ACPI: Enabled 2 GPEs in block 00 to 1F
Jul 19 01:11:31 LEGION kernel: ACPI: \_SB_.PCI0.GPP0.PG00: New power resource
Jul 19 01:11:31 LEGION kernel: ACPI: \_SB_.PCI0.GPP1.P0NV: New power resource
Jul 19 01:11:31 LEGION kernel: ACPI: \_SB_.PCI0.GPP6.WL00.WRST: New power resource
Jul 19 01:11:31 LEGION kernel: ACPI: \_SB_.PCI0.GPP8.P0NV: New power resource
Jul 19 01:11:31 LEGION kernel: ACPI: \_SB_.PCI0.GP11.PWRS: New power resource
Jul 19 01:11:31 LEGION kernel: ACPI: \_SB_.PCI0.GP11: Overriding _PRW sleep state (S3) by S0 from power resources
Jul 19 01:11:31 LEGION kernel: ACPI: \_SB_.PCI0.GP11.SWUS.PWRS: New power resource
Jul 19 01:11:31 LEGION kernel: ACPI: \_SB_.PCI0.GP12.PWRS: New power resource
Jul 19 01:11:31 LEGION kernel: ACPI: \_SB_.PCI0.GP12: Overriding _PRW sleep state (S3) by S0 from power resources
Jul 19 01:11:31 LEGION kernel: ACPI: \_SB_.PCI0.GP12.SWUS.PWRS: New power resource
Jul 19 01:11:31 LEGION kernel: ACPI: \_SB_.PCI0.GP17.PWRS: New power resource
Jul 19 01:11:31 LEGION kernel: ACPI: \_SB_.PCI0.GP17.VGA_.PWRS: New power resource
Jul 19 01:11:31 LEGION kernel: ACPI: \_SB_.PCI0.GP17.ACP_.PWRS: New power resource
Jul 19 01:11:31 LEGION kernel: ACPI: \_SB_.PCI0.GP17.AZAL.PWRS: New power resource
Jul 19 01:11:31 LEGION kernel: ACPI: \_SB_.PCI0.GP17.HDAU.PWRS: New power resource
Jul 19 01:11:31 LEGION kernel: ACPI: \_SB_.PCI0.GP17.XHC0.PWRS: New power resource
Jul 19 01:11:31 LEGION kernel: ACPI: \_SB_.PCI0.GP17.XHC1.PWRS: New power resource
Jul 19 01:11:31 LEGION kernel: ACPI: \_SB_.PCI0.GP17.XHC1.RHUB.PRT3.BTPR: New power resource
Jul 19 01:11:31 LEGION kernel: ACPI: \_SB_.PCI0.GP18.SATA.P0S0: New power resource
Jul 19 01:11:31 LEGION kernel: ACPI: \_SB_.PCI0.GP18.SATA.P3S0: New power resource
Jul 19 01:11:31 LEGION kernel: ACPI: \_SB_.PCI0.GP19.XHC2.PWRS: New power resource
Jul 19 01:11:31 LEGION kernel: ACPI: \_SB_.PCI0.GP19.NHI0.PWRS: New power resource
Jul 19 01:11:31 LEGION kernel: ACPI: \_SB_.PCI0.GP19.NHI0: Overriding _PRW sleep state (S3) by S0 from power resources
Jul 19 01:11:31 LEGION kernel: ACPI: \_SB_.PCI0.GP19.XHC3.PWRS: New power resource
Jul 19 01:11:31 LEGION kernel: ACPI: \_SB_.PCI0.GP19.NHI1.PWRS: New power resource
Jul 19 01:11:31 LEGION kernel: ACPI: \_SB_.PCI0.GP19.NHI1: Overriding _PRW sleep state (S4) by S0 from power resources
Jul 19 01:11:31 LEGION kernel: ACPI: \_SB_.PCI0.GP19.XHC4.PWRS: New power resource
Jul 19 01:11:31 LEGION kernel: ACPI: PCI Root Bridge [PCI0] (domain 0000 [bus 00-ff])
Jul 19 01:11:31 LEGION kernel: acpi PNP0A08:00: _OSC: OS supports [ExtendedConfig ASPM ClockPM Segments MSI EDR HPX-Type3]
Jul 19 01:11:31 LEGION kernel: acpi PNP0A08:00: _OSC: platform does not support [SHPCHotplug AER]
Jul 19 01:11:31 LEGION kernel: acpi PNP0A08:00: _OSC: OS now controls [PCIeHotplug PME PCIeCapability LTR DPC]
Jul 19 01:11:31 LEGION kernel: PCI host bridge to bus 0000:00
Jul 19 01:11:31 LEGION kernel: pci_bus 0000:00: root bus resource [io  0x0000-0x0cf7 window]
Jul 19 01:11:31 LEGION kernel: pci_bus 0000:00: root bus resource [io  0x0d00-0xffff window]
Jul 19 01:11:31 LEGION kernel: pci_bus 0000:00: root bus resource [mem 0x000a0000-0x000bffff window]
Jul 19 01:11:31 LEGION kernel: pci_bus 0000:00: root bus resource [mem 0x000c0000-0x000cffff window]
Jul 19 01:11:31 LEGION kernel: pci_bus 0000:00: root bus resource [mem 0x000d0000-0x000effff window]
Jul 19 01:11:31 LEGION kernel: pci_bus 0000:00: root bus resource [mem 0xa0000000-0xdfffffff window]
Jul 19 01:11:31 LEGION kernel: pci_bus 0000:00: root bus resource [mem 0xf0000000-0xfdc00000 window]
Jul 19 01:11:31 LEGION kernel: pci_bus 0000:00: root bus resource [mem 0xfed45000-0xfed814ff window]
Jul 19 01:11:31 LEGION kernel: pci_bus 0000:00: root bus resource [mem 0xfed81900-0xfed81fff window]
Jul 19 01:11:31 LEGION kernel: pci_bus 0000:00: root bus resource [mem 0xfedc0000-0xfedc0fff window]
Jul 19 01:11:31 LEGION kernel: pci_bus 0000:00: root bus resource [mem 0xfedc6000-0xfedc6fff window]
Jul 19 01:11:31 LEGION kernel: pci_bus 0000:00: root bus resource [mem 0x880200000-0x811fffffff window]
Jul 19 01:11:31 LEGION kernel: pci_bus 0000:00: root bus resource [bus 00-ff]
Jul 19 01:11:31 LEGION kernel: pci 0000:00:00.0: [1022:14b5] type 00 class 0x060000
Jul 19 01:11:31 LEGION kernel: pci 0000:00:00.2: [1022:14b6] type 00 class 0x080600
Jul 19 01:11:31 LEGION kernel: pci 0000:00:01.0: [1022:14b7] type 00 class 0x060000
Jul 19 01:11:31 LEGION kernel: pci 0000:00:01.1: [1022:14b8] type 01 class 0x060400
Jul 19 01:11:31 LEGION kernel: pci 0000:00:01.1: PME# supported from D0 D3hot D3cold
Jul 19 01:11:31 LEGION kernel: pci 0000:00:01.2: [1022:14b8] type 01 class 0x060400
Jul 19 01:11:31 LEGION kernel: pci 0000:00:01.2: PME# supported from D0 D3hot D3cold
Jul 19 01:11:31 LEGION kernel: pci 0000:00:02.0: [1022:14b7] type 00 class 0x060000
Jul 19 01:11:31 LEGION kernel: pci 0000:00:02.2: [1022:14ba] type 01 class 0x060400
Jul 19 01:11:31 LEGION kernel: pci 0000:00:02.2: PME# supported from D0 D3hot D3cold
Jul 19 01:11:31 LEGION kernel: pci 0000:00:02.3: [1022:14ba] type 01 class 0x060400
Jul 19 01:11:31 LEGION kernel: pci 0000:00:02.3: PME# supported from D0 D3hot D3cold
Jul 19 01:11:31 LEGION kernel: pci 0000:00:02.4: [1022:14ba] type 01 class 0x060400
Jul 19 01:11:31 LEGION kernel: pci 0000:00:02.4: PME# supported from D0 D3hot D3cold
Jul 19 01:11:31 LEGION kernel: pci 0000:00:03.0: [1022:14b7] type 00 class 0x060000
Jul 19 01:11:31 LEGION kernel: pci 0000:00:03.1: [1022:14cd] type 01 class 0x060400
Jul 19 01:11:31 LEGION kernel: pci 0000:00:03.1: PME# supported from D0 D3hot D3cold
Jul 19 01:11:31 LEGION kernel: pci 0000:00:04.0: [1022:14b7] type 00 class 0x060000
Jul 19 01:11:31 LEGION kernel: pci 0000:00:08.0: [1022:14b7] type 00 class 0x060000
Jul 19 01:11:31 LEGION kernel: pci 0000:00:08.1: [1022:14b9] type 01 class 0x060400
Jul 19 01:11:31 LEGION kernel: pci 0000:00:08.1: enabling Extended Tags
Jul 19 01:11:31 LEGION kernel: pci 0000:00:08.1: PME# supported from D0 D3hot D3cold
Jul 19 01:11:31 LEGION kernel: pci 0000:00:08.3: [1022:14b9] type 01 class 0x060400
Jul 19 01:11:31 LEGION kernel: pci 0000:00:08.3: enabling Extended Tags
Jul 19 01:11:31 LEGION kernel: pci 0000:00:08.3: PME# supported from D0 D3hot D3cold
Jul 19 01:11:31 LEGION kernel: pci 0000:00:14.0: [1022:790b] type 00 class 0x0c0500
Jul 19 01:11:31 LEGION kernel: pci 0000:00:14.3: [1022:790e] type 00 class 0x060100
Jul 19 01:11:31 LEGION kernel: pci 0000:00:18.0: [1022:1679] type 00 class 0x060000
Jul 19 01:11:31 LEGION kernel: pci 0000:00:18.1: [1022:167a] type 00 class 0x060000
Jul 19 01:11:31 LEGION kernel: pci 0000:00:18.2: [1022:167b] type 00 class 0x060000
Jul 19 01:11:31 LEGION kernel: pci 0000:00:18.3: [1022:167c] type 00 class 0x060000
Jul 19 01:11:31 LEGION kernel: pci 0000:00:18.4: [1022:167d] type 00 class 0x060000
Jul 19 01:11:31 LEGION kernel: pci 0000:00:18.5: [1022:167e] type 00 class 0x060000
Jul 19 01:11:31 LEGION kernel: pci 0000:00:18.6: [1022:167f] type 00 class 0x060000
Jul 19 01:11:31 LEGION kernel: pci 0000:00:18.7: [1022:1680] type 00 class 0x060000
Jul 19 01:11:31 LEGION kernel: pci 0000:01:00.0: [10de:24dd] type 00 class 0x030000
Jul 19 01:11:31 LEGION kernel: pci 0000:01:00.0: reg 0x10: [mem 0xb8000000-0xb8ffffff]
Jul 19 01:11:31 LEGION kernel: pci 0000:01:00.0: reg 0x14: [mem 0x7e00000000-0x7fffffffff 64bit pref]
Jul 19 01:11:31 LEGION kernel: pci 0000:01:00.0: reg 0x1c: [mem 0x8000000000-0x8001ffffff 64bit pref]
Jul 19 01:11:31 LEGION kernel: pci 0000:01:00.0: reg 0x24: [io  0x6000-0x607f]
Jul 19 01:11:31 LEGION kernel: pci 0000:01:00.0: reg 0x30: [mem 0xfff80000-0xffffffff pref]
Jul 19 01:11:31 LEGION kernel: pci 0000:01:00.0: PME# supported from D0 D3hot
Jul 19 01:11:31 LEGION kernel: pci 0000:01:00.0: 126.024 Gb/s available PCIe bandwidth, limited by 16.0 GT/s PCIe x8 link at 0000:00:01.1 (capable of 252.048 Gb/s with 16.0 GT/s PCIe x16 link)
Jul 19 01:11:31 LEGION kernel: pci 0000:01:00.1: [10de:228b] type 00 class 0x040300
Jul 19 01:11:31 LEGION kernel: pci 0000:01:00.1: reg 0x10: [mem 0xb9000000-0xb9003fff]
Jul 19 01:11:31 LEGION kernel: pci 0000:00:01.1: PCI bridge to [bus 01]
Jul 19 01:11:31 LEGION kernel: pci 0000:00:01.1:   bridge window [io  0x6000-0x6fff]
Jul 19 01:11:31 LEGION kernel: pci 0000:00:01.1:   bridge window [mem 0xb8000000-0xb90fffff]
Jul 19 01:11:31 LEGION kernel: pci 0000:00:01.1:   bridge window [mem 0x7e00000000-0x8001ffffff 64bit pref]
Jul 19 01:11:31 LEGION kernel: pci 0000:02:00.0: [c0a9:540a] type 00 class 0x010802
Jul 19 01:11:31 LEGION kernel: pci 0000:02:00.0: reg 0x10: [mem 0xb9c00000-0xb9c03fff 64bit]
Jul 19 01:11:31 LEGION kernel: pci 0000:00:01.2: PCI bridge to [bus 02]
Jul 19 01:11:31 LEGION kernel: pci 0000:00:01.2:   bridge window [mem 0xb9c00000-0xb9cfffff]
Jul 19 01:11:31 LEGION kernel: pci 0000:03:00.0: [10ec:8852] type 00 class 0x028000
Jul 19 01:11:31 LEGION kernel: pci 0000:03:00.0: reg 0x10: [io  0x5000-0x50ff]
Jul 19 01:11:31 LEGION kernel: pci 0000:03:00.0: reg 0x18: [mem 0xb9b00000-0xb9bfffff 64bit]
Jul 19 01:11:31 LEGION kernel: pci 0000:03:00.0: supports D1 D2
Jul 19 01:11:31 LEGION kernel: pci 0000:03:00.0: PME# supported from D0 D1 D2 D3hot D3cold
Jul 19 01:11:31 LEGION kernel: pci 0000:00:02.2: PCI bridge to [bus 03]
Jul 19 01:11:31 LEGION kernel: pci 0000:00:02.2:   bridge window [io  0x5000-0x5fff]
Jul 19 01:11:31 LEGION kernel: pci 0000:00:02.2:   bridge window [mem 0xb9b00000-0xb9bfffff]
Jul 19 01:11:31 LEGION kernel: pci 0000:04:00.0: [10ec:8168] type 00 class 0x020000
Jul 19 01:11:31 LEGION kernel: pci 0000:04:00.0: reg 0x10: [io  0x4000-0x40ff]
Jul 19 01:11:31 LEGION kernel: pci 0000:04:00.0: reg 0x18: [mem 0xb9a04000-0xb9a04fff 64bit]
Jul 19 01:11:31 LEGION kernel: pci 0000:04:00.0: reg 0x20: [mem 0xb9a00000-0xb9a03fff 64bit]
Jul 19 01:11:31 LEGION kernel: pci 0000:04:00.0: supports D1 D2
Jul 19 01:11:31 LEGION kernel: pci 0000:04:00.0: PME# supported from D0 D1 D2 D3hot D3cold
Jul 19 01:11:31 LEGION kernel: pci 0000:00:02.3: PCI bridge to [bus 04]
Jul 19 01:11:31 LEGION kernel: pci 0000:00:02.3:   bridge window [io  0x4000-0x4fff]
Jul 19 01:11:31 LEGION kernel: pci 0000:00:02.3:   bridge window [mem 0xb9a00000-0xb9afffff]
Jul 19 01:11:31 LEGION kernel: pci 0000:05:00.0: [144d:a80a] type 00 class 0x010802
Jul 19 01:11:31 LEGION kernel: pci 0000:05:00.0: reg 0x10: [mem 0xb9900000-0xb9903fff 64bit]
Jul 19 01:11:31 LEGION kernel: pci 0000:00:02.4: PCI bridge to [bus 05]
Jul 19 01:11:31 LEGION kernel: pci 0000:00:02.4:   bridge window [mem 0xb9900000-0xb99fffff]
Jul 19 01:11:31 LEGION kernel: pci 0000:00:03.1: PCI bridge to [bus 06-34]
Jul 19 01:11:31 LEGION kernel: pci 0000:00:03.1:   bridge window [io  0x2000-0x3fff]
Jul 19 01:11:31 LEGION kernel: pci 0000:00:03.1:   bridge window [mem 0xa0000000-0xb7ffffff]
Jul 19 01:11:31 LEGION kernel: pci 0000:00:03.1:   bridge window [mem 0x8010000000-0x8037ffffff 64bit pref]
Jul 19 01:11:31 LEGION kernel: pci 0000:35:00.0: [1002:1681] type 00 class 0x030000
Jul 19 01:11:31 LEGION kernel: pci 0000:35:00.0: reg 0x10: [mem 0x8040000000-0x804fffffff 64bit pref]
Jul 19 01:11:31 LEGION kernel: pci 0000:35:00.0: reg 0x18: [mem 0x8050000000-0x80501fffff 64bit pref]
Jul 19 01:11:31 LEGION kernel: pci 0000:35:00.0: reg 0x20: [io  0x1000-0x10ff]
Jul 19 01:11:31 LEGION kernel: pci 0000:35:00.0: reg 0x24: [mem 0xb9800000-0xb987ffff]
Jul 19 01:11:31 LEGION kernel: pci 0000:35:00.0: enabling Extended Tags
Jul 19 01:11:31 LEGION kernel: pci 0000:35:00.0: BAR 0: assigned to efifb
Jul 19 01:11:31 LEGION kernel: pci 0000:35:00.0: PME# supported from D1 D2 D3hot D3cold
Jul 19 01:11:31 LEGION kernel: pci 0000:35:00.1: [1002:1640] type 00 class 0x040300
Jul 19 01:11:31 LEGION kernel: pci 0000:35:00.1: reg 0x10: [mem 0xb98c8000-0xb98cbfff]
Jul 19 01:11:31 LEGION kernel: pci 0000:35:00.1: enabling Extended Tags
Jul 19 01:11:31 LEGION kernel: pci 0000:35:00.1: PME# supported from D1 D2 D3hot D3cold
Jul 19 01:11:31 LEGION kernel: pci 0000:35:00.2: [1022:1649] type 00 class 0x108000
Jul 19 01:11:31 LEGION kernel: pci 0000:35:00.2: reg 0x18: [mem 0xb9700000-0xb97fffff]
Jul 19 01:11:31 LEGION kernel: pci 0000:35:00.2: reg 0x24: [mem 0xb98cc000-0xb98cdfff]
Jul 19 01:11:31 LEGION kernel: pci 0000:35:00.2: enabling Extended Tags
Jul 19 01:11:31 LEGION kernel: pci 0000:35:00.3: [1022:161d] type 00 class 0x0c0330
Jul 19 01:11:31 LEGION kernel: pci 0000:35:00.3: reg 0x10: [mem 0xb9500000-0xb95fffff 64bit]
Jul 19 01:11:31 LEGION kernel: pci 0000:35:00.3: enabling Extended Tags
Jul 19 01:11:31 LEGION kernel: pci 0000:35:00.3: PME# supported from D0 D3hot D3cold
Jul 19 01:11:31 LEGION kernel: pci 0000:35:00.4: [1022:161e] type 00 class 0x0c0330
Jul 19 01:11:31 LEGION kernel: pci 0000:35:00.4: reg 0x10: [mem 0xb9600000-0xb96fffff 64bit]
Jul 19 01:11:31 LEGION kernel: pci 0000:35:00.4: enabling Extended Tags
Jul 19 01:11:31 LEGION kernel: pci 0000:35:00.4: PME# supported from D0 D3hot D3cold
Jul 19 01:11:31 LEGION kernel: pci 0000:35:00.5: [1022:15e2] type 00 class 0x048000
Jul 19 01:11:31 LEGION kernel: pci 0000:35:00.5: reg 0x10: [mem 0xb9880000-0xb98bffff]
Jul 19 01:11:31 LEGION kernel: pci 0000:35:00.5: enabling Extended Tags
Jul 19 01:11:31 LEGION kernel: pci 0000:35:00.5: PME# supported from D0 D3hot D3cold
Jul 19 01:11:31 LEGION kernel: pci 0000:35:00.6: [1022:15e3] type 00 class 0x040300
Jul 19 01:11:31 LEGION kernel: pci 0000:35:00.6: reg 0x10: [mem 0xb98c0000-0xb98c7fff]
Jul 19 01:11:31 LEGION kernel: pci 0000:35:00.6: enabling Extended Tags
Jul 19 01:11:31 LEGION kernel: pci 0000:35:00.6: PME# supported from D0 D3hot D3cold
Jul 19 01:11:31 LEGION kernel: pci 0000:00:08.1: PCI bridge to [bus 35]
Jul 19 01:11:31 LEGION kernel: pci 0000:00:08.1:   bridge window [io  0x1000-0x1fff]
Jul 19 01:11:31 LEGION kernel: pci 0000:00:08.1:   bridge window [mem 0xb9500000-0xb98fffff]
Jul 19 01:11:31 LEGION kernel: pci 0000:00:08.1:   bridge window [mem 0x8040000000-0x80501fffff 64bit pref]
Jul 19 01:11:31 LEGION kernel: pci 0000:36:00.0: [1022:161f] type 00 class 0x0c0330
Jul 19 01:11:31 LEGION kernel: pci 0000:36:00.0: reg 0x10: [mem 0xb9100000-0xb91fffff 64bit]
Jul 19 01:11:31 LEGION kernel: pci 0000:36:00.0: enabling Extended Tags
Jul 19 01:11:31 LEGION kernel: pci 0000:36:00.0: PME# supported from D0 D3hot D3cold
Jul 19 01:11:31 LEGION kernel: pci 0000:36:00.3: [1022:15d6] type 00 class 0x0c0330
Jul 19 01:11:31 LEGION kernel: pci 0000:36:00.3: reg 0x10: [mem 0xb9200000-0xb92fffff 64bit]
Jul 19 01:11:31 LEGION kernel: pci 0000:36:00.3: enabling Extended Tags
Jul 19 01:11:31 LEGION kernel: pci 0000:36:00.3: PME# supported from D0 D3hot D3cold
Jul 19 01:11:31 LEGION kernel: pci 0000:36:00.4: [1022:15d7] type 00 class 0x0c0330
Jul 19 01:11:31 LEGION kernel: pci 0000:36:00.4: reg 0x10: [mem 0xb9300000-0xb93fffff 64bit]
Jul 19 01:11:31 LEGION kernel: pci 0000:36:00.4: enabling Extended Tags
Jul 19 01:11:31 LEGION kernel: pci 0000:36:00.4: PME# supported from D0 D3hot D3cold
Jul 19 01:11:31 LEGION kernel: pci 0000:36:00.5: [1022:162e] type 00 class 0x0c0340
Jul 19 01:11:31 LEGION kernel: pci 0000:36:00.5: reg 0x10: [mem 0xb9400000-0xb947ffff 64bit]
Jul 19 01:11:31 LEGION kernel: pci 0000:36:00.5: Max Payload Size set to 128 (was 256, max 256)
Jul 19 01:11:31 LEGION kernel: pci 0000:36:00.5: enabling Extended Tags
Jul 19 01:11:31 LEGION kernel: pci 0000:36:00.5: PME# supported from D0 D3hot D3cold
Jul 19 01:11:31 LEGION kernel: pci 0000:00:08.3: PCI bridge to [bus 36]
Jul 19 01:11:31 LEGION kernel: pci 0000:00:08.3:   bridge window [mem 0xb9100000-0xb94fffff]
Jul 19 01:11:31 LEGION kernel: ACPI: PCI: Interrupt link LNKA configured for IRQ 0
Jul 19 01:11:31 LEGION kernel: ACPI: PCI: Interrupt link LNKA disabled
Jul 19 01:11:31 LEGION kernel: ACPI: PCI: Interrupt link LNKB configured for IRQ 0
Jul 19 01:11:31 LEGION kernel: ACPI: PCI: Interrupt link LNKB disabled
Jul 19 01:11:31 LEGION kernel: ACPI: PCI: Interrupt link LNKC configured for IRQ 0
Jul 19 01:11:31 LEGION kernel: ACPI: PCI: Interrupt link LNKC disabled
Jul 19 01:11:31 LEGION kernel: ACPI: PCI: Interrupt link LNKD configured for IRQ 0
Jul 19 01:11:31 LEGION kernel: ACPI: PCI: Interrupt link LNKD disabled
Jul 19 01:11:31 LEGION kernel: ACPI: PCI: Interrupt link LNKE configured for IRQ 0
Jul 19 01:11:31 LEGION kernel: ACPI: PCI: Interrupt link LNKE disabled
Jul 19 01:11:31 LEGION kernel: ACPI: PCI: Interrupt link LNKF configured for IRQ 0
Jul 19 01:11:31 LEGION kernel: ACPI: PCI: Interrupt link LNKF disabled
Jul 19 01:11:31 LEGION kernel: ACPI: PCI: Interrupt link LNKG configured for IRQ 0
Jul 19 01:11:31 LEGION kernel: ACPI: PCI: Interrupt link LNKG disabled
Jul 19 01:11:31 LEGION kernel: ACPI: PCI: Interrupt link LNKH configured for IRQ 0
Jul 19 01:11:31 LEGION kernel: ACPI: PCI: Interrupt link LNKH disabled
Jul 19 01:11:31 LEGION kernel: Low-power S0 idle used by default for system suspend
Jul 19 01:11:31 LEGION kernel: ACPI: EC: interrupt unblocked
Jul 19 01:11:31 LEGION kernel: ACPI: EC: event unblocked
Jul 19 01:11:31 LEGION kernel: ACPI: EC: EC_CMD/EC_SC=0x66, EC_DATA=0x62
Jul 19 01:11:31 LEGION kernel: ACPI: EC: GPE=0x9
Jul 19 01:11:31 LEGION kernel: ACPI: \_SB_.PCI0.LPC0.EC0_: Boot DSDT EC initialization complete
Jul 19 01:11:31 LEGION kernel: ACPI: \_SB_.PCI0.LPC0.EC0_: EC: Used to handle transactions and events
Jul 19 01:11:31 LEGION kernel: iommu: Default domain type: Translated 
Jul 19 01:11:31 LEGION kernel: iommu: DMA domain TLB invalidation policy: lazy mode 
Jul 19 01:11:31 LEGION kernel: SCSI subsystem initialized
Jul 19 01:11:31 LEGION kernel: libata version 3.00 loaded.
Jul 19 01:11:31 LEGION kernel: ACPI: bus type USB registered
Jul 19 01:11:31 LEGION kernel: usbcore: registered new interface driver usbfs
Jul 19 01:11:31 LEGION kernel: usbcore: registered new interface driver hub
Jul 19 01:11:31 LEGION kernel: usbcore: registered new device driver usb
Jul 19 01:11:31 LEGION kernel: pps_core: LinuxPPS API ver. 1 registered
Jul 19 01:11:31 LEGION kernel: pps_core: Software ver. 5.3.6 - Copyright 2005-2007 Rodolfo Giometti <giometti@linux.it>
Jul 19 01:11:31 LEGION kernel: PTP clock support registered
Jul 19 01:11:31 LEGION kernel: EDAC MC: Ver: 3.0.0
Jul 19 01:11:31 LEGION kernel: efivars: Registered efivars operations
Jul 19 01:11:31 LEGION kernel: NetLabel: Initializing
Jul 19 01:11:31 LEGION kernel: NetLabel:  domain hash size = 128
Jul 19 01:11:31 LEGION kernel: NetLabel:  protocols = UNLABELED CIPSOv4 CALIPSO
Jul 19 01:11:31 LEGION kernel: NetLabel:  unlabeled traffic allowed by default
Jul 19 01:11:31 LEGION kernel: mctp: management component transport protocol core
Jul 19 01:11:31 LEGION kernel: NET: Registered PF_MCTP protocol family
Jul 19 01:11:31 LEGION kernel: PCI: Using ACPI for IRQ routing
Jul 19 01:11:31 LEGION kernel: PCI: pci_cache_line_size set to 64 bytes
Jul 19 01:11:31 LEGION kernel: e820: reserve RAM buffer [mem 0x0009f000-0x0009ffff]
Jul 19 01:11:31 LEGION kernel: e820: reserve RAM buffer [mem 0x09b00000-0x0bffffff]
Jul 19 01:11:31 LEGION kernel: e820: reserve RAM buffer [mem 0x09f00000-0x0bffffff]
Jul 19 01:11:31 LEGION kernel: e820: reserve RAM buffer [mem 0x7ffff000-0x7fffffff]
Jul 19 01:11:31 LEGION kernel: e820: reserve RAM buffer [mem 0x805b9018-0x83ffffff]
Jul 19 01:11:31 LEGION kernel: e820: reserve RAM buffer [mem 0x805c4018-0x83ffffff]
Jul 19 01:11:31 LEGION kernel: e820: reserve RAM buffer [mem 0x82315000-0x83ffffff]
Jul 19 01:11:31 LEGION kernel: e820: reserve RAM buffer [mem 0x8451d000-0x87ffffff]
Jul 19 01:11:31 LEGION kernel: e820: reserve RAM buffer [mem 0x8bd0c000-0x8bffffff]
Jul 19 01:11:31 LEGION kernel: e820: reserve RAM buffer [mem 0x8bda6000-0x8bffffff]
Jul 19 01:11:31 LEGION kernel: e820: reserve RAM buffer [mem 0x9072f000-0x93ffffff]
Jul 19 01:11:31 LEGION kernel: e820: reserve RAM buffer [mem 0x9b000000-0x9bffffff]
Jul 19 01:11:31 LEGION kernel: e820: reserve RAM buffer [mem 0x83e300000-0x83fffffff]
Jul 19 01:11:31 LEGION kernel: pci 0000:01:00.0: vgaarb: setting as boot VGA device
Jul 19 01:11:31 LEGION kernel: pci 0000:01:00.0: vgaarb: bridge control possible
Jul 19 01:11:31 LEGION kernel: pci 0000:01:00.0: vgaarb: VGA device added: decodes=io+mem,owns=none,locks=none
Jul 19 01:11:31 LEGION kernel: pci 0000:35:00.0: vgaarb: setting as boot VGA device (overriding previous)
Jul 19 01:11:31 LEGION kernel: pci 0000:35:00.0: vgaarb: bridge control possible
Jul 19 01:11:31 LEGION kernel: pci 0000:35:00.0: vgaarb: VGA device added: decodes=io+mem,owns=none,locks=none
Jul 19 01:11:31 LEGION kernel: vgaarb: loaded
Jul 19 01:11:31 LEGION kernel: hpet0: at MMIO 0xfed00000, IRQs 2, 8, 0
Jul 19 01:11:31 LEGION kernel: hpet0: 3 comparators, 32-bit 14.318180 MHz counter
Jul 19 01:11:31 LEGION kernel: clocksource: Switched to clocksource tsc-early
Jul 19 01:11:31 LEGION kernel: VFS: Disk quotas dquot_6.6.0
Jul 19 01:11:31 LEGION kernel: VFS: Dquot-cache hash table entries: 512 (order 0, 4096 bytes)
Jul 19 01:11:31 LEGION kernel: pnp: PnP ACPI init
Jul 19 01:11:31 LEGION kernel: system 00:00: [mem 0xfec00000-0xfec01fff] could not be reserved
Jul 19 01:11:31 LEGION kernel: system 00:00: [mem 0xfee00000-0xfee00fff] has been reserved
Jul 19 01:11:31 LEGION kernel: system 00:00: [mem 0xfde00000-0xfdefffff] has been reserved
Jul 19 01:11:31 LEGION kernel: system 00:03: [io  0x0400-0x04cf] could not be reserved
Jul 19 01:11:31 LEGION kernel: system 00:03: [io  0x04d0-0x04d1] has been reserved
Jul 19 01:11:31 LEGION kernel: system 00:03: [io  0x04d6] has been reserved
Jul 19 01:11:31 LEGION kernel: system 00:03: [io  0x0c00-0x0c01] has been reserved
Jul 19 01:11:31 LEGION kernel: system 00:03: [io  0x0c14] has been reserved
Jul 19 01:11:31 LEGION kernel: system 00:03: [io  0x0c50-0x0c52] has been reserved
Jul 19 01:11:31 LEGION kernel: system 00:03: [io  0x0c6c] has been reserved
Jul 19 01:11:31 LEGION kernel: system 00:03: [io  0x0c6f] has been reserved
Jul 19 01:11:31 LEGION kernel: system 00:03: [io  0x0cd0-0x0cdb] has been reserved
Jul 19 01:11:31 LEGION kernel: system 00:04: [mem 0x000e0000-0x000fffff] could not be reserved
Jul 19 01:11:31 LEGION kernel: system 00:04: [mem 0xfe000000-0xffffffff] could not be reserved
Jul 19 01:11:31 LEGION kernel: pnp: PnP ACPI: found 5 devices
Jul 19 01:11:31 LEGION kernel: clocksource: acpi_pm: mask: 0xffffff max_cycles: 0xffffff, max_idle_ns: 2085701024 ns
Jul 19 01:11:31 LEGION kernel: NET: Registered PF_INET protocol family
Jul 19 01:11:31 LEGION kernel: IP idents hash table entries: 262144 (order: 9, 2097152 bytes, linear)
Jul 19 01:11:31 LEGION kernel: tcp_listen_portaddr_hash hash table entries: 16384 (order: 6, 262144 bytes, linear)
Jul 19 01:11:31 LEGION kernel: Table-perturb hash table entries: 65536 (order: 6, 262144 bytes, linear)
Jul 19 01:11:31 LEGION kernel: TCP established hash table entries: 262144 (order: 9, 2097152 bytes, linear)
Jul 19 01:11:31 LEGION kernel: TCP bind hash table entries: 65536 (order: 9, 2097152 bytes, linear)
Jul 19 01:11:31 LEGION kernel: TCP: Hash tables configured (established 262144 bind 65536)
Jul 19 01:11:31 LEGION kernel: MPTCP token hash table entries: 32768 (order: 7, 786432 bytes, linear)
Jul 19 01:11:31 LEGION kernel: UDP hash table entries: 16384 (order: 7, 524288 bytes, linear)
Jul 19 01:11:31 LEGION kernel: UDP-Lite hash table entries: 16384 (order: 7, 524288 bytes, linear)
Jul 19 01:11:31 LEGION kernel: NET: Registered PF_UNIX/PF_LOCAL protocol family
Jul 19 01:11:31 LEGION kernel: NET: Registered PF_XDP protocol family
Jul 19 01:11:31 LEGION kernel: pci 0000:01:00.0: can't claim BAR 6 [mem 0xfff80000-0xffffffff pref]: no compatible bridge window
Jul 19 01:11:31 LEGION kernel: pci 0000:01:00.0: BAR 6: assigned [mem 0xb9080000-0xb90fffff pref]
Jul 19 01:11:31 LEGION kernel: pci 0000:00:01.1: PCI bridge to [bus 01]
Jul 19 01:11:31 LEGION kernel: pci 0000:00:01.1:   bridge window [io  0x6000-0x6fff]
Jul 19 01:11:31 LEGION kernel: pci 0000:00:01.1:   bridge window [mem 0xb8000000-0xb90fffff]
Jul 19 01:11:31 LEGION kernel: pci 0000:00:01.1:   bridge window [mem 0x7e00000000-0x8001ffffff 64bit pref]
Jul 19 01:11:31 LEGION kernel: pci 0000:00:01.2: PCI bridge to [bus 02]
Jul 19 01:11:31 LEGION kernel: pci 0000:00:01.2:   bridge window [mem 0xb9c00000-0xb9cfffff]
Jul 19 01:11:31 LEGION kernel: pci 0000:00:02.2: PCI bridge to [bus 03]
Jul 19 01:11:31 LEGION kernel: pci 0000:00:02.2:   bridge window [io  0x5000-0x5fff]
Jul 19 01:11:31 LEGION kernel: pci 0000:00:02.2:   bridge window [mem 0xb9b00000-0xb9bfffff]
Jul 19 01:11:31 LEGION kernel: pci 0000:00:02.3: PCI bridge to [bus 04]
Jul 19 01:11:31 LEGION kernel: pci 0000:00:02.3:   bridge window [io  0x4000-0x4fff]
Jul 19 01:11:31 LEGION kernel: pci 0000:00:02.3:   bridge window [mem 0xb9a00000-0xb9afffff]
Jul 19 01:11:31 LEGION kernel: pci 0000:00:02.4: PCI bridge to [bus 05]
Jul 19 01:11:31 LEGION kernel: pci 0000:00:02.4:   bridge window [mem 0xb9900000-0xb99fffff]
Jul 19 01:11:31 LEGION kernel: pci 0000:00:03.1: PCI bridge to [bus 06-34]
Jul 19 01:11:31 LEGION kernel: pci 0000:00:03.1:   bridge window [io  0x2000-0x3fff]
Jul 19 01:11:31 LEGION kernel: pci 0000:00:03.1:   bridge window [mem 0xa0000000-0xb7ffffff]
Jul 19 01:11:31 LEGION kernel: pci 0000:00:03.1:   bridge window [mem 0x8010000000-0x8037ffffff 64bit pref]
Jul 19 01:11:31 LEGION kernel: pci 0000:00:08.1: PCI bridge to [bus 35]
Jul 19 01:11:31 LEGION kernel: pci 0000:00:08.1:   bridge window [io  0x1000-0x1fff]
Jul 19 01:11:31 LEGION kernel: pci 0000:00:08.1:   bridge window [mem 0xb9500000-0xb98fffff]
Jul 19 01:11:31 LEGION kernel: pci 0000:00:08.1:   bridge window [mem 0x8040000000-0x80501fffff 64bit pref]
Jul 19 01:11:31 LEGION kernel: pci 0000:00:08.3: PCI bridge to [bus 36]
Jul 19 01:11:31 LEGION kernel: pci 0000:00:08.3:   bridge window [mem 0xb9100000-0xb94fffff]
Jul 19 01:11:31 LEGION kernel: pci_bus 0000:00: resource 4 [io  0x0000-0x0cf7 window]
Jul 19 01:11:31 LEGION kernel: pci_bus 0000:00: resource 5 [io  0x0d00-0xffff window]
Jul 19 01:11:31 LEGION kernel: pci_bus 0000:00: resource 6 [mem 0x000a0000-0x000bffff window]
Jul 19 01:11:31 LEGION kernel: pci_bus 0000:00: resource 7 [mem 0x000c0000-0x000cffff window]
Jul 19 01:11:31 LEGION kernel: pci_bus 0000:00: resource 8 [mem 0x000d0000-0x000effff window]
Jul 19 01:11:31 LEGION kernel: pci_bus 0000:00: resource 9 [mem 0xa0000000-0xdfffffff window]
Jul 19 01:11:31 LEGION kernel: pci_bus 0000:00: resource 10 [mem 0xf0000000-0xfdc00000 window]
Jul 19 01:11:31 LEGION kernel: pci_bus 0000:00: resource 11 [mem 0xfed45000-0xfed814ff window]
Jul 19 01:11:31 LEGION kernel: pci_bus 0000:00: resource 12 [mem 0xfed81900-0xfed81fff window]
Jul 19 01:11:31 LEGION kernel: pci_bus 0000:00: resource 13 [mem 0xfedc0000-0xfedc0fff window]
Jul 19 01:11:31 LEGION kernel: pci_bus 0000:00: resource 14 [mem 0xfedc6000-0xfedc6fff window]
Jul 19 01:11:31 LEGION kernel: pci_bus 0000:00: resource 15 [mem 0x880200000-0x811fffffff window]
Jul 19 01:11:31 LEGION kernel: pci_bus 0000:01: resource 0 [io  0x6000-0x6fff]
Jul 19 01:11:31 LEGION kernel: pci_bus 0000:01: resource 1 [mem 0xb8000000-0xb90fffff]
Jul 19 01:11:31 LEGION kernel: pci_bus 0000:01: resource 2 [mem 0x7e00000000-0x8001ffffff 64bit pref]
Jul 19 01:11:31 LEGION kernel: pci_bus 0000:02: resource 1 [mem 0xb9c00000-0xb9cfffff]
Jul 19 01:11:31 LEGION kernel: pci_bus 0000:03: resource 0 [io  0x5000-0x5fff]
Jul 19 01:11:31 LEGION kernel: pci_bus 0000:03: resource 1 [mem 0xb9b00000-0xb9bfffff]
Jul 19 01:11:31 LEGION kernel: pci_bus 0000:04: resource 0 [io  0x4000-0x4fff]
Jul 19 01:11:31 LEGION kernel: pci_bus 0000:04: resource 1 [mem 0xb9a00000-0xb9afffff]
Jul 19 01:11:31 LEGION kernel: pci_bus 0000:05: resource 1 [mem 0xb9900000-0xb99fffff]
Jul 19 01:11:31 LEGION kernel: pci_bus 0000:06: resource 0 [io  0x2000-0x3fff]
Jul 19 01:11:31 LEGION kernel: pci_bus 0000:06: resource 1 [mem 0xa0000000-0xb7ffffff]
Jul 19 01:11:31 LEGION kernel: pci_bus 0000:06: resource 2 [mem 0x8010000000-0x8037ffffff 64bit pref]
Jul 19 01:11:31 LEGION kernel: pci_bus 0000:35: resource 0 [io  0x1000-0x1fff]
Jul 19 01:11:31 LEGION kernel: pci_bus 0000:35: resource 1 [mem 0xb9500000-0xb98fffff]
Jul 19 01:11:31 LEGION kernel: pci_bus 0000:35: resource 2 [mem 0x8040000000-0x80501fffff 64bit pref]
Jul 19 01:11:31 LEGION kernel: pci_bus 0000:36: resource 1 [mem 0xb9100000-0xb94fffff]
Jul 19 01:11:31 LEGION kernel: pci 0000:01:00.1: extending delay after power-on from D3hot to 20 msec
Jul 19 01:11:31 LEGION kernel: pci 0000:01:00.1: D0 power state depends on 0000:01:00.0
Jul 19 01:11:31 LEGION kernel: pci 0000:35:00.1: D0 power state depends on 0000:35:00.0
Jul 19 01:11:31 LEGION kernel: PCI: CLS 64 bytes, default 64
Jul 19 01:11:31 LEGION kernel: pci 0000:00:00.2: AMD-Vi: IOMMU performance counters supported
Jul 19 01:11:31 LEGION kernel: pci 0000:00:01.0: Adding to iommu group 0
Jul 19 01:11:31 LEGION kernel: pci 0000:00:01.1: Adding to iommu group 1
Jul 19 01:11:31 LEGION kernel: Trying to unpack rootfs image as initramfs...
Jul 19 01:11:31 LEGION kernel: pci 0000:00:01.2: Adding to iommu group 2
Jul 19 01:11:31 LEGION kernel: pci 0000:00:02.0: Adding to iommu group 3
Jul 19 01:11:31 LEGION kernel: pci 0000:00:02.2: Adding to iommu group 4
Jul 19 01:11:31 LEGION kernel: pci 0000:00:02.3: Adding to iommu group 5
Jul 19 01:11:31 LEGION kernel: pci 0000:00:02.4: Adding to iommu group 6
Jul 19 01:11:31 LEGION kernel: pci 0000:00:03.0: Adding to iommu group 7
Jul 19 01:11:31 LEGION kernel: pci 0000:00:03.1: Adding to iommu group 7
Jul 19 01:11:31 LEGION kernel: pci 0000:00:04.0: Adding to iommu group 8
Jul 19 01:11:31 LEGION kernel: pci 0000:00:08.0: Adding to iommu group 9
Jul 19 01:11:31 LEGION kernel: pci 0000:00:08.1: Adding to iommu group 10
Jul 19 01:11:31 LEGION kernel: pci 0000:00:08.3: Adding to iommu group 11
Jul 19 01:11:31 LEGION kernel: pci 0000:00:14.0: Adding to iommu group 12
Jul 19 01:11:31 LEGION kernel: pci 0000:00:14.3: Adding to iommu group 12
Jul 19 01:11:31 LEGION kernel: pci 0000:00:18.0: Adding to iommu group 13
Jul 19 01:11:31 LEGION kernel: pci 0000:00:18.1: Adding to iommu group 13
Jul 19 01:11:31 LEGION kernel: pci 0000:00:18.2: Adding to iommu group 13
Jul 19 01:11:31 LEGION kernel: pci 0000:00:18.3: Adding to iommu group 13
Jul 19 01:11:31 LEGION kernel: pci 0000:00:18.4: Adding to iommu group 13
Jul 19 01:11:31 LEGION kernel: pci 0000:00:18.5: Adding to iommu group 13
Jul 19 01:11:31 LEGION kernel: pci 0000:00:18.6: Adding to iommu group 13
Jul 19 01:11:31 LEGION kernel: pci 0000:00:18.7: Adding to iommu group 13
Jul 19 01:11:31 LEGION kernel: pci 0000:01:00.0: Adding to iommu group 14
Jul 19 01:11:31 LEGION kernel: pci 0000:01:00.1: Adding to iommu group 14
Jul 19 01:11:31 LEGION kernel: pci 0000:02:00.0: Adding to iommu group 15
Jul 19 01:11:31 LEGION kernel: pci 0000:03:00.0: Adding to iommu group 16
Jul 19 01:11:31 LEGION kernel: pci 0000:04:00.0: Adding to iommu group 17
Jul 19 01:11:31 LEGION kernel: pci 0000:05:00.0: Adding to iommu group 18
Jul 19 01:11:31 LEGION kernel: pci 0000:35:00.0: Adding to iommu group 19
Jul 19 01:11:31 LEGION kernel: pci 0000:35:00.1: Adding to iommu group 20
Jul 19 01:11:31 LEGION kernel: pci 0000:35:00.2: Adding to iommu group 21
Jul 19 01:11:31 LEGION kernel: pci 0000:35:00.3: Adding to iommu group 22
Jul 19 01:11:31 LEGION kernel: pci 0000:35:00.4: Adding to iommu group 23
Jul 19 01:11:31 LEGION kernel: pci 0000:35:00.5: Adding to iommu group 24
Jul 19 01:11:31 LEGION kernel: pci 0000:35:00.6: Adding to iommu group 25
Jul 19 01:11:31 LEGION kernel: pci 0000:36:00.0: Adding to iommu group 26
Jul 19 01:11:31 LEGION kernel: pci 0000:36:00.3: Adding to iommu group 27
Jul 19 01:11:31 LEGION kernel: pci 0000:36:00.4: Adding to iommu group 28
Jul 19 01:11:31 LEGION kernel: pci 0000:36:00.5: Adding to iommu group 29
Jul 19 01:11:31 LEGION kernel: pci 0000:00:00.2: can't derive routing for PCI INT A
Jul 19 01:11:31 LEGION kernel: pci 0000:00:00.2: PCI INT A: not connected
Jul 19 01:11:31 LEGION kernel: pci 0000:00:00.2: AMD-Vi: Found IOMMU cap 0x40
Jul 19 01:11:31 LEGION kernel: AMD-Vi: Extended features (0x246577efa2254afa, 0x0): PPR NX GT [5] IA GA PC GA_vAPIC
Jul 19 01:11:31 LEGION kernel: AMD-Vi: Interrupt remapping enabled
Jul 19 01:11:31 LEGION kernel: AMD-Vi: Virtual APIC enabled
Jul 19 01:11:31 LEGION kernel: PCI-DMA: Using software bounce buffering for IO (SWIOTLB)
Jul 19 01:11:31 LEGION kernel: software IO TLB: mapped [mem 0x0000000086cbf000-0x000000008acbf000] (64MB)
Jul 19 01:11:31 LEGION kernel: LVT offset 0 assigned for vector 0x400
Jul 19 01:11:31 LEGION kernel: perf: AMD IBS detected (0x000003fd)
